BL51 BANKED LINKER/LOCATER V6.22.2.0                                                    09/27/2018  19:17:09  PAGE 1


BL51 BANKED LINKER/LOCATER V6.22.2.0, INVOKED BY:
D:\KEIL4\C51\BIN\BL51.EXE .\Objects\STARTUP.obj, .\Objects\main.obj, .\Objects\app_task.obj, .\Objects\heat_cool_task.ob
>> j, .\Objects\msge_task.obj, .\Objects\pushrod_task.obj, .\Objects\OSAL.obj, .\Objects\OSAL_Tasks.obj, .\Objects\OSAL_
>> Timer.obj, .\Objects\port_pushrod.obj, .\Objects\port_heat_cool.obj, .\Objects\port_msge.obj, .\Objects\hal_pushrod.o
>> bj, .\Objects\hal_timer.obj, .\Objects\hal_heat_cool.obj, .\Objects\hal_msge.obj, .\Objects\hal_uart.obj, .\Objects\h
>> al_init.obj TO .\Objects\OSAL_Demo PRINT (.\Listings\OSAL_Demo.m51) RAMSIZE (256)


MEMORY MODEL: SMALL


INPUT MODULES INCLUDED:
  .\Objects\STARTUP.obj (?C_STARTUP)
  .\Objects\main.obj (MAIN)
  .\Objects\app_task.obj (APP_TASK)
  .\Objects\heat_cool_task.obj (HEAT_COOL_TASK)
  .\Objects\msge_task.obj (MSGE_TASK)
  .\Objects\pushrod_task.obj (PUSHROD_TASK)
  .\Objects\OSAL.obj (OSAL)
  .\Objects\OSAL_Tasks.obj (OSAL_TASKS)
  .\Objects\OSAL_Timer.obj (OSAL_TIMER)
  .\Objects\port_pushrod.obj (PORT_PUSHROD)
  .\Objects\port_heat_cool.obj (PORT_HEAT_COOL)
  .\Objects\port_msge.obj (PORT_MSGE)
  .\Objects\hal_pushrod.obj (HAL_PUSHROD)
  .\Objects\hal_timer.obj (HAL_TIMER)
  .\Objects\hal_heat_cool.obj (HAL_HEAT_COOL)
  .\Objects\hal_msge.obj (HAL_MSGE)
  .\Objects\hal_uart.obj (HAL_UART)
  .\Objects\hal_init.obj (HAL_INIT)
  D:\KEIL4\C51\LIB\C51S.LIB (?C_INIT)
  D:\KEIL4\C51\LIB\C51S.LIB (?C?CLDPTR)
  D:\KEIL4\C51\LIB\C51S.LIB (?C?CLDOPTR)
  D:\KEIL4\C51\LIB\C51S.LIB (?C?CSTPTR)
  D:\KEIL4\C51\LIB\C51S.LIB (?C?IILDX)
  D:\KEIL4\C51\LIB\C51S.LIB (?C?SLCMP)
  D:\KEIL4\C51\LIB\C51S.LIB (?C?ULCMP)
  D:\KEIL4\C51\LIB\C51S.LIB (?C?LLDIXDATA)
  D:\KEIL4\C51\LIB\C51S.LIB (?C?LSTXDATA)
  D:\KEIL4\C51\LIB\C51S.LIB (?C?LSTKXDATA)
  D:\KEIL4\C51\LIB\C51S.LIB (?C?OFFXADD)
  D:\KEIL4\C51\LIB\C51S.LIB (?C?ICALL)
  D:\KEIL4\C51\LIB\C51S.LIB (?C?MEMSET)


LINK MAP OF MODULE:  .\Objects\OSAL_Demo (?C_STARTUP)


            TYPE    BASE      LENGTH    RELOCATION   SEGMENT NAME
            -----------------------------------------------------

            * * * * * * *   D A T A   M E M O R Y   * * * * * * *
            REG     0000H     0008H     ABSOLUTE     "REG BANK 0"
            DATA    0008H     0015H     UNIT         ?DT?OSAL_TASKS
            DATA    001DH     000DH     UNIT         _DATA_GROUP_
            DATA    002AH     0008H     UNIT         ?DT?APP_TASK
            DATA    0032H     0007H     UNIT         ?DT?HAL_INIT
            DATA    0039H     0003H     UNIT         ?DT?HAL_TIMER
BL51 BANKED LINKER/LOCATER V6.22.2.0                                                  09/27/2018  19:17:09  PAGE 2


            DATA    003CH     0003H     UNIT         ?DT?HAL_UART
            DATA    003FH     0001H     UNIT         ?DT?HEAT_COOL_TASK
            DATA    0040H     0001H     UNIT         ?DT?MSGE_TASK
            DATA    0041H     0001H     UNIT         ?DT?PUSHROD_TASK
            IDATA   0042H     0001H     UNIT         ?STACK

            * * * * * * *  X D A T A   M E M O R Y  * * * * * * *
            XDATA   0000H     00A5H     UNIT         ?XD?OSAL_TIMER
            XDATA   00A5H     000FH     UNIT         ?XD?APP_TASK
            XDATA   00B4H     000CH     UNIT         ?XD?HAL_MSGE
            XDATA   00C0H     000AH     UNIT         ?XD?HAL_UART
            XDATA   00CAH     0002H     UNIT         ?XD?HAL_PUSHROD
            XDATA   00CCH     0001H     UNIT         ?XD?HAL_HEAT_COOL

            * * * * * * *   C O D E   M E M O R Y   * * * * * * *
            CODE    0000H     0003H     ABSOLUTE     
            CODE    0003H     0008H     UNIT         ?PR?TIMEHANDLE?APP_TASK
            CODE    000BH     0003H     ABSOLUTE     
            CODE    000EH     0015H     UNIT         ?PR?HAL_TIMERINIT?HAL_TIMER
            CODE    0023H     0003H     ABSOLUTE     
            CODE    0026H     01B3H     UNIT         ?PR?_HAL_MSGEPOLL?HAL_MSGE
            CODE    01D9H     01A7H     UNIT         ?PR?_APP_TASKPROCESSEVENT?APP_TASK
            CODE    0380H     0158H     UNIT         ?PR?KEY_HANDLE?APP_TASK
            CODE    04D8H     0145H     UNIT         ?C?LIB_CODE
            CODE    061DH     0123H     UNIT         ?PR?_HEATCOOL_TASKPROCESSEVENT?HEAT_COOL_TASK
            CODE    0740H     00F9H     UNIT         ?PR?HAL_MSGE
            CODE    0839H     00CAH     UNIT         ?PR?_HAL_MSGETIMEHDL?HAL_MSGE
            CODE    0903H     00A6H     UNIT         ?PR?HAL_UART0INTHDL?HAL_UART
            CODE    09A9H     009EH     UNIT         ?PR?_HAL_MSGEINIT?HAL_MSGE
            CODE    0A47H     0098H     UNIT         ?PR?_PUSHROD_TASKPROCESSEVENT?PUSHROD_TASK
            CODE    0ADFH     0097H     UNIT         ?PR?APP_UARTRXHANDLE?APP_TASK
            CODE    0B76H     0092H     UNIT         ?PR?OSAL_TIMERUPDATA?OSAL_TIMER
            CODE    0C08H     008CH     UNIT         ?C_C51STARTUP
            CODE    0C94H     0087H     UNIT         ?PR?OSAL_RUN_SYSTEM?OSAL
            CODE    0D1BH     0074H     UNIT         ?PR?MSGE_HANDLE?APP_TASK
            CODE    0D8FH     0074H     UNIT         ?PR?COOL_HANDLE?APP_TASK
            CODE    0E03H     0073H     UNIT         ?PR?_OSAL_STOPTIMER?OSAL_TIMER
            CODE    0E76H     006BH     UNIT         ?PR?APP_TASK
            CODE    0EE1H     006AH     UNIT         ?PR?_HAL_HEATCOOLCONTROL?HAL_HEAT_COOL
            CODE    0F4BH     006AH     UNIT         ?PR?_HAL_MSGECONTROL?HAL_MSGE
            CODE    0FB5H     0069H     UNIT         ?PR?_OSAL_STARTTIMER?OSAL_TIMER
            CODE    101EH     005AH     UNIT         ?PR?_HAL_UARTINIT?HAL_UART
            CODE    1078H     0058H     UNIT         ?PR?_HAL_HEATCOOLINIT?HAL_HEAT_COOL
            CODE    10D0H     0058H     UNIT         ?PR?_HAL_HEATCOOLRESUME?HAL_HEAT_COOL
            CODE    1128H     0057H     UNIT         ?PR?_HAL_HEATCOOLSETHEAT?HAL_HEAT_COOL
            CODE    117FH     0054H     UNIT         ?PR?_HAL_HEATCOOLSETCOOL?HAL_HEAT_COOL
            CODE    11D3H     0053H     UNIT         ?PR?_OSAL_RESTARTTIME?OSAL_TIMER
            CODE    1226H     004DH     UNIT         ?PR?HAL_TIMERINTHDL?HAL_TIMER
            CODE    1273H     004CH     UNIT         ?PR?WARN_HANDLE?APP_TASK
            CODE    12BFH     004AH     UNIT         ?PR?_HAL_HEATCOOLSUPEND?HAL_HEAT_COOL
            CODE    1309H     0048H     UNIT         ?PR?HAL_HEAT_COOL
            CODE    1351H     0044H     UNIT         ?PR?_APP_SENTMSG?APP_TASK
            CODE    1395H     0043H     UNIT         ?PR?_HAL_PUSHRODINIT?HAL_PUSHROD
            CODE    13D8H     003DH     UNIT         ?PR?LIGHT_HANDLE?APP_TASK
            CODE    1415H     003CH     UNIT         ?PR?_OSAL_CLEAR_EVENT?OSAL
            CODE    1451H     003AH     UNIT         ?PR?PUSHROD_RESETHANDLE?APP_TASK
            CODE    148BH     003AH     UNIT         ?PR?_APP_TASKINIT?APP_TASK
BL51 BANKED LINKER/LOCATER V6.22.2.0                                                  09/27/2018  19:17:09  PAGE 3


            CODE    14C5H     0036H     UNIT         ?PR?_MSGE_TASKPROCESSEVENT?MSGE_TASK
            CODE    14FBH     0032H     UNIT         ?PR?_OSAL_SET_EVENT?OSAL
            CODE    152DH     002DH     UNIT         ?PR?_HAL_PUSHRODCONTROL?HAL_PUSHROD
            CODE    155AH     002DH     UNIT         ?PR?_HAL_MSGEOPEN?HAL_MSGE
            CODE    1587H     002CH     UNIT         ?PR?OSAL_INITTASKS?OSAL_TASKS
            CODE    15B3H     002CH     UNIT         ?PR?OSAL_TIMER
            CODE    15DFH     002BH     UNIT         ?PR?_PORT_MSGESET?PORT_MSGE
            CODE    160AH     002AH     UNIT         ?PR?_HAL_HEATCOOLSETMODE?HAL_HEAT_COOL
            CODE    1634H     0029H     UNIT         ?PR?PUSHROD_HEADCLOSEHANDLE?APP_TASK
            CODE    165DH     0029H     UNIT         ?PR?PUSHROD_HEADOPENHANDLE?APP_TASK
            CODE    1686H     0029H     UNIT         ?PR?PUSHROD_LUMBARCLOSEHANDLE?APP_TASK
            CODE    16AFH     0029H     UNIT         ?PR?PUSHROD_LUMBAROPENHANDLE?APP_TASK
            CODE    16D8H     0028H     UNIT         ?PR?_HAL_MSGESUPEND?HAL_MSGE
            CODE    1700H     0025H     UNIT         ?PR?_PORT_PUSHRODINIT?PORT_PUSHROD
            CODE    1725H     0025H     UNIT         ?PR?_HAL_REGUARTRXHDL?HAL_UART
            CODE    174AH     0023H     UNIT         ?PR?HAL_INIT?HAL_INIT
            CODE    176DH     0021H     UNIT         ?PR?_HAL_PUSHRODOPEN?HAL_PUSHROD
            CODE    178EH     0021H     UNIT         ?PR?_HAL_PUSHRODCLOSE?HAL_PUSHROD
            CODE    17AFH     0021H     UNIT         ?PR?_HAL_PUSHRODSTOP?HAL_PUSHROD
            CODE    17D0H     0021H     UNIT         ?PR?_HAL_MSGEGETRUNSTA?HAL_MSGE
            CODE    17F1H     001CH     UNIT         ?PR?LOCKKEY_HANDLE?APP_TASK
            CODE    180DH     001CH     UNIT         ?PR?_HAL_MSGESETINTENSITY?HAL_MSGE
            CODE    1829H     001AH     UNIT         ?PR?_HAL_HEATCOOLSETFAN?HAL_HEAT_COOL
            CODE    1843H     0019H     UNIT         ?PR?_PROT_PUSHRODOPEN?PORT_PUSHROD
            CODE    185CH     0019H     UNIT         ?PR?_PROT_PUSHRODCLOSE?PORT_PUSHROD
            CODE    1875H     0019H     UNIT         ?PR?_PROT_PUSHRODSTOP?PORT_PUSHROD
            CODE    188EH     0019H     UNIT         ?PR?_HAL_HEATCOOLGETMODE?HAL_HEAT_COOL
            CODE    18A7H     0019H     UNIT         ?PR?_HAL_MSGECLOSE?HAL_MSGE
            CODE    18C0H     0018H     UNIT         ?PR?_HAL_HEATCOOLGETSUPSTA?HAL_HEAT_COOL
            CODE    18D8H     0018H     UNIT         ?PR?_HAL_MSGESETMODE?HAL_MSGE
            CODE    18F0H     0016H     UNIT         ?PR?_PORT_HEATCOOLINIT?PORT_HEAT_COOL
            CODE    1906H     0016H     UNIT         ?PR?HAL_PUSHROD
            CODE    191CH     0013H     UNIT         ?PR?MAIN?MAIN
            CODE    192FH     0012H     UNIT         ?PR?_HAL_MSGERESUME?HAL_MSGE
            CODE    1941H     0011H     UNIT         ?PR?_PORT_MSGEINIT?PORT_MSGE
            CODE    1952H     0010H     UNIT         ?PR?_HAL_REGTIMEHDL?HAL_TIMER
            CODE    1962H     000FH     UNIT         ?C_INITSEG
            CODE    1971H     000FH     UNIT         ?PR?OSAL_TIMERINIT?OSAL_TIMER
            CODE    1980H     000FH     UNIT         ?PR?_PORT_COOLSET?PORT_HEAT_COOL
            CODE    198FH     000FH     UNIT         ?PR?_PORT_HEATSET?PORT_HEAT_COOL
            CODE    199EH     000FH     UNIT         ?PR?_PORT_FANSET?PORT_HEAT_COOL
            CODE    19ADH     000DH     UNIT         ?PR?OSAL
            CODE    19BAH     000CH     UNIT         ?PR?HAL_UART
            CODE    19C6H     000BH     UNIT         ?PR?_HAL_UARTSENDBUF?HAL_UART
            CODE    19D1H     0009H     UNIT         ?PR?HEAT_COOL_TASK
            CODE    19DAH     0005H     UNIT         ?PR?_HEATCOOL_TASKINIT?HEAT_COOL_TASK
            CODE    19DFH     0005H     UNIT         ?PR?_MSGE_TASKINIT?MSGE_TASK
            CODE    19E4H     0005H     UNIT         ?PR?_PUSHROD_TASKINIT?PUSHROD_TASK
            CODE    19E9H     0005H     UNIT         ?PR?HAL_PROCESSPOLL?HAL_INIT
            CODE    19EEH     0003H     UNIT         ?PR?HEATCOOL_TASKGETID?HEAT_COOL_TASK
            CODE    19F1H     0003H     UNIT         ?PR?MSGE_TASKGETID?MSGE_TASK
            CODE    19F4H     0003H     UNIT         ?PR?PUSHROD_TASKGETID?PUSHROD_TASK
            CODE    19F7H     0001H     UNIT         ?PR?HEAT_HANDLE?APP_TASK



OVERLAY MAP OF MODULE:   .\Objects\OSAL_Demo (?C_STARTUP)
BL51 BANKED LINKER/LOCATER V6.22.2.0                                                  09/27/2018  19:17:09  PAGE 4




SEGMENT                                            DATA_GROUP 
  +--> CALLED SEGMENT                            START    LENGTH
----------------------------------------------------------------
?C_C51STARTUP                                    -----    -----
  +--> ?PR?MAIN?MAIN
  +--> ?C_INITSEG

?PR?MAIN?MAIN                                    -----    -----
  +--> ?PR?HAL_INIT?HAL_INIT
  +--> ?PR?OSAL_TIMERINIT?OSAL_TIMER
  +--> ?PR?OSAL_INITTASKS?OSAL_TASKS
  +--> ?PR?OSAL_RUN_SYSTEM?OSAL

?PR?HAL_INIT?HAL_INIT                            -----    -----
  +--> ?PR?HAL_TIMERINIT?HAL_TIMER
  +--> ?PR?_HAL_MSGEINIT?HAL_MSGE
  +--> ?PR?_HAL_PUSHRODINIT?HAL_PUSHROD
  +--> ?PR?_HAL_HEATCOOLINIT?HAL_HEAT_COOL
  +--> ?PR?_HAL_UARTINIT?HAL_UART

?PR?_HAL_MSGEINIT?HAL_MSGE                       001DH    0003H
  +--> ?PR?HAL_MSGE
  +--> ?PR?_PORT_MSGEINIT?PORT_MSGE

?PR?_HAL_PUSHRODINIT?HAL_PUSHROD                 001DH    0002H
  +--> ?PR?HAL_PUSHROD
  +--> ?PR?_PORT_PUSHRODINIT?PORT_PUSHROD

?PR?_HAL_HEATCOOLINIT?HAL_HEAT_COOL              001DH    0003H
  +--> ?PR?HAL_HEAT_COOL
  +--> ?PR?_PORT_HEATCOOLINIT?PORT_HEAT_COOL

?PR?_HAL_UARTINIT?HAL_UART                       001DH    0006H

?PR?OSAL_INITTASKS?OSAL_TASKS                    001DH    0001H
  +--> ?PR?_PUSHROD_TASKINIT?PUSHROD_TASK
  +--> ?PR?_HEATCOOL_TASKINIT?HEAT_COOL_TASK
  +--> ?PR?_MSGE_TASKINIT?MSGE_TASK
  +--> ?PR?_APP_TASKINIT?APP_TASK

?PR?_APP_TASKINIT?APP_TASK                       -----    -----
  +--> ?PR?APP_UARTRXHANDLE?APP_TASK
  +--> ?PR?_HAL_REGUARTRXHDL?HAL_UART
  +--> ?PR?APP_TASK
  +--> ?PR?TIMEHANDLE?APP_TASK
  +--> ?PR?_HAL_REGTIMEHDL?HAL_TIMER
  +--> ?PR?_OSAL_STARTTIMER?OSAL_TIMER

?PR?APP_UARTRXHANDLE?APP_TASK                    -----    -----
  +--> ?PR?APP_TASK
  +--> ?PR?_OSAL_SET_EVENT?OSAL

?PR?_OSAL_SET_EVENT?OSAL                         0021H    0001H

?PR?TIMEHANDLE?APP_TASK                          -----    -----
BL51 BANKED LINKER/LOCATER V6.22.2.0                                                  09/27/2018  19:17:09  PAGE 5


  +--> ?PR?OSAL_TIMERUPDATA?OSAL_TIMER
  +--> ?PR?_HAL_MSGETIMEHDL?HAL_MSGE

?PR?OSAL_TIMERUPDATA?OSAL_TIMER                  001EH    0002H
  +--> ?PR?OSAL_TIMER
  +--> ?PR?_OSAL_SET_EVENT?OSAL

?PR?_HAL_MSGETIMEHDL?HAL_MSGE                    001EH    0002H
  +--> ?PR?HAL_MSGE
  +--> ?PR?_PORT_MSGESET?PORT_MSGE

?PR?_OSAL_STARTTIMER?OSAL_TIMER                  0022H    0007H
  +--> ?PR?OSAL_TIMER

?PR?OSAL_RUN_SYSTEM?OSAL                         001DH    0006H
  +--> ?PR?HAL_PROCESSPOLL?HAL_INIT
  +--> ?PR?OSAL

?PR?HAL_PROCESSPOLL?HAL_INIT                     -----    -----
  +--> ?PR?_HAL_MSGEPOLL?HAL_MSGE

?PR?_HAL_MSGEPOLL?HAL_MSGE                       0023H    0003H
  +--> ?PR?HAL_MSGE

?C_INITSEG                                       -----    -----
  +--> ?PR?_PUSHROD_TASKPROCESSEVENT?PUSHROD...
  +--> ?PR?_HEATCOOL_TASKPROCESSEVENT?HEAT_C...
  +--> ?PR?_MSGE_TASKPROCESSEVENT?MSGE_TASK
  +--> ?PR?_APP_TASKPROCESSEVENT?APP_TASK

?PR?_PUSHROD_TASKPROCESSEVENT?PUSHROD...         001DH    0005H
  +--> ?PR?_HAL_PUSHRODCONTROL?HAL_PUSHROD

?PR?_HAL_PUSHRODCONTROL?HAL_PUSHROD              0022H    0004H
  +--> ?PR?HAL_PUSHROD
  +--> ?PR?_HAL_PUSHRODSTOP?HAL_PUSHROD
  +--> ?PR?_HAL_PUSHRODOPEN?HAL_PUSHROD
  +--> ?PR?_HAL_PUSHRODCLOSE?HAL_PUSHROD

?PR?_HAL_PUSHRODSTOP?HAL_PUSHROD                 0026H    0001H
  +--> ?PR?HAL_PUSHROD
  +--> ?PR?_PROT_PUSHRODSTOP?PORT_PUSHROD

?PR?_HAL_PUSHRODOPEN?HAL_PUSHROD                 0026H    0001H
  +--> ?PR?HAL_PUSHROD
  +--> ?PR?_PROT_PUSHRODOPEN?PORT_PUSHROD

?PR?_HAL_PUSHRODCLOSE?HAL_PUSHROD                0026H    0001H
  +--> ?PR?HAL_PUSHROD
  +--> ?PR?_PROT_PUSHRODCLOSE?PORT_PUSHROD

?PR?_HEATCOOL_TASKPROCESSEVENT?HEAT_C...         001DH    0005H
  +--> ?PR?HEAT_COOL_TASK
  +--> ?PR?_HAL_HEATCOOLCONTROL?HAL_HEAT_COOL
  +--> ?PR?_OSAL_STARTTIMER?OSAL_TIMER
  +--> ?PR?_OSAL_STOPTIMER?OSAL_TIMER

BL51 BANKED LINKER/LOCATER V6.22.2.0                                                  09/27/2018  19:17:09  PAGE 6


?PR?_HAL_HEATCOOLCONTROL?HAL_HEAT_COOL           0022H    0005H
  +--> ?PR?HAL_HEAT_COOL
  +--> ?PR?_HAL_HEATCOOLSETCOOL?HAL_HEAT_COOL
  +--> ?PR?_HAL_HEATCOOLSETHEAT?HAL_HEAT_COOL
  +--> ?PR?_HAL_HEATCOOLSETFAN?HAL_HEAT_COOL
  +--> ?PR?_HAL_HEATCOOLGETMODE?HAL_HEAT_COOL
  +--> ?PR?_HAL_HEATCOOLSETMODE?HAL_HEAT_COOL
  +--> ?PR?_HAL_HEATCOOLSUPEND?HAL_HEAT_COOL
  +--> ?PR?_HAL_HEATCOOLRESUME?HAL_HEAT_COOL

?PR?_HAL_HEATCOOLSETCOOL?HAL_HEAT_COOL           0028H    0002H
  +--> ?PR?HAL_HEAT_COOL
  +--> ?PR?_PORT_HEATSET?PORT_HEAT_COOL
  +--> ?PR?_PORT_COOLSET?PORT_HEAT_COOL

?PR?_HAL_HEATCOOLSETHEAT?HAL_HEAT_COOL           0028H    0002H
  +--> ?PR?HAL_HEAT_COOL
  +--> ?PR?_PORT_COOLSET?PORT_HEAT_COOL
  +--> ?PR?_PORT_HEATSET?PORT_HEAT_COOL

?PR?_HAL_HEATCOOLSETFAN?HAL_HEAT_COOL            0027H    0001H
  +--> ?PR?HAL_HEAT_COOL
  +--> ?PR?_PORT_FANSET?PORT_HEAT_COOL

?PR?_HAL_HEATCOOLGETMODE?HAL_HEAT_COOL           -----    -----
  +--> ?PR?HAL_HEAT_COOL

?PR?_HAL_HEATCOOLSETMODE?HAL_HEAT_COOL           -----    -----
  +--> ?PR?HAL_HEAT_COOL

?PR?_HAL_HEATCOOLSUPEND?HAL_HEAT_COOL            0027H    0001H
  +--> ?PR?HAL_HEAT_COOL
  +--> ?PR?_HAL_HEATCOOLSETCOOL?HAL_HEAT_COOL
  +--> ?PR?_HAL_HEATCOOLSETHEAT?HAL_HEAT_COOL

?PR?_HAL_HEATCOOLRESUME?HAL_HEAT_COOL            0027H    0001H
  +--> ?PR?HAL_HEAT_COOL
  +--> ?PR?_HAL_HEATCOOLSETCOOL?HAL_HEAT_COOL
  +--> ?PR?_HAL_HEATCOOLSETHEAT?HAL_HEAT_COOL

?PR?_OSAL_STOPTIMER?OSAL_TIMER                   0022H    0002H
  +--> ?PR?OSAL_TIMER

?PR?_MSGE_TASKPROCESSEVENT?MSGE_TASK             001DH    0003H
  +--> ?PR?_HAL_MSGECONTROL?HAL_MSGE

?PR?_HAL_MSGECONTROL?HAL_MSGE                    0020H    0005H
  +--> ?PR?HAL_MSGE
  +--> ?PR?_HAL_MSGEOPEN?HAL_MSGE
  +--> ?PR?_HAL_MSGECLOSE?HAL_MSGE
  +--> ?PR?_HAL_MSGEGETRUNSTA?HAL_MSGE
  +--> ?PR?_HAL_MSGESUPEND?HAL_MSGE
  +--> ?PR?_HAL_MSGERESUME?HAL_MSGE
  +--> ?PR?_HAL_MSGESETMODE?HAL_MSGE
  +--> ?PR?_HAL_MSGESETINTENSITY?HAL_MSGE

?PR?_HAL_MSGEOPEN?HAL_MSGE                       -----    -----
BL51 BANKED LINKER/LOCATER V6.22.2.0                                                  09/27/2018  19:17:09  PAGE 7


  +--> ?PR?HAL_MSGE

?PR?_HAL_MSGECLOSE?HAL_MSGE                      -----    -----
  +--> ?PR?HAL_MSGE

?PR?_HAL_MSGEGETRUNSTA?HAL_MSGE                  -----    -----
  +--> ?PR?HAL_MSGE

?PR?_HAL_MSGESUPEND?HAL_MSGE                     0025H    0001H
  +--> ?PR?HAL_MSGE
  +--> ?PR?_PORT_MSGESET?PORT_MSGE

?PR?_HAL_MSGERESUME?HAL_MSGE                     -----    -----
  +--> ?PR?HAL_MSGE

?PR?_HAL_MSGESETMODE?HAL_MSGE                    -----    -----
  +--> ?PR?HAL_MSGE

?PR?_HAL_MSGESETINTENSITY?HAL_MSGE               -----    -----
  +--> ?PR?HAL_MSGE

?PR?_APP_TASKPROCESSEVENT?APP_TASK               001DH    0003H
  +--> ?PR?KEY_HANDLE?APP_TASK
  +--> ?PR?_APP_SENTMSG?APP_TASK
  +--> ?PR?APP_TASK
  +--> ?PR?_OSAL_STARTTIMER?OSAL_TIMER
  +--> ?PR?_OSAL_RESTARTTIME?OSAL_TIMER
  +--> ?PR?PUSHROD_TASKGETID?PUSHROD_TASK
  +--> ?PR?_OSAL_SET_EVENT?OSAL
  +--> ?PR?_OSAL_STOPTIMER?OSAL_TIMER
  +--> ?PR?MSGE_TASKGETID?MSGE_TASK
  +--> ?PR?HEATCOOL_TASKGETID?HEAT_COOL_TASK

?PR?KEY_HANDLE?APP_TASK                          0020H    0001H
  +--> ?PR?APP_TASK
  +--> ?PR?PUSHROD_LUMBARCLOSEHANDLE?APP_TASK
  +--> ?PR?PUSHROD_LUMBAROPENHANDLE?APP_TASK
  +--> ?PR?PUSHROD_HEADCLOSEHANDLE?APP_TASK
  +--> ?PR?PUSHROD_HEADOPENHANDLE?APP_TASK
  +--> ?PR?PUSHROD_RESETHANDLE?APP_TASK
  +--> ?PR?LOCKKEY_HANDLE?APP_TASK
  +--> ?PR?PUSHROD_TASKGETID?PUSHROD_TASK
  +--> ?PR?_OSAL_SET_EVENT?OSAL
  +--> ?PR?_OSAL_STOPTIMER?OSAL_TIMER
  +--> ?PR?LIGHT_HANDLE?APP_TASK
  +--> ?PR?COOL_HANDLE?APP_TASK
  +--> ?PR?_HAL_HEATCOOLCONTROL?HAL_HEAT_COOL
  +--> ?PR?HEATCOOL_TASKGETID?HEAT_COOL_TASK

?PR?PUSHROD_LUMBARCLOSEHANDLE?APP_TASK           -----    -----
  +--> ?PR?APP_TASK
  +--> ?PR?_OSAL_RESTARTTIME?OSAL_TIMER
  +--> ?PR?HEATCOOL_TASKGETID?HEAT_COOL_TASK
  +--> ?PR?_OSAL_SET_EVENT?OSAL
  +--> ?PR?PUSHROD_TASKGETID?PUSHROD_TASK

?PR?_OSAL_RESTARTTIME?OSAL_TIMER                 0021H    0002H
BL51 BANKED LINKER/LOCATER V6.22.2.0                                                  09/27/2018  19:17:09  PAGE 8


  +--> ?PR?OSAL_TIMER

?PR?PUSHROD_LUMBAROPENHANDLE?APP_TASK            -----    -----
  +--> ?PR?APP_TASK
  +--> ?PR?_OSAL_RESTARTTIME?OSAL_TIMER
  +--> ?PR?HEATCOOL_TASKGETID?HEAT_COOL_TASK
  +--> ?PR?_OSAL_SET_EVENT?OSAL
  +--> ?PR?PUSHROD_TASKGETID?PUSHROD_TASK

?PR?PUSHROD_HEADCLOSEHANDLE?APP_TASK             -----    -----
  +--> ?PR?APP_TASK
  +--> ?PR?_OSAL_RESTARTTIME?OSAL_TIMER
  +--> ?PR?HEATCOOL_TASKGETID?HEAT_COOL_TASK
  +--> ?PR?_OSAL_SET_EVENT?OSAL
  +--> ?PR?PUSHROD_TASKGETID?PUSHROD_TASK

?PR?PUSHROD_HEADOPENHANDLE?APP_TASK              -----    -----
  +--> ?PR?APP_TASK
  +--> ?PR?_OSAL_RESTARTTIME?OSAL_TIMER
  +--> ?PR?HEATCOOL_TASKGETID?HEAT_COOL_TASK
  +--> ?PR?_OSAL_SET_EVENT?OSAL
  +--> ?PR?PUSHROD_TASKGETID?PUSHROD_TASK

?PR?PUSHROD_RESETHANDLE?APP_TASK                 -----    -----
  +--> ?PR?APP_TASK
  +--> ?PR?_OSAL_RESTARTTIME?OSAL_TIMER
  +--> ?PR?HEATCOOL_TASKGETID?HEAT_COOL_TASK
  +--> ?PR?_OSAL_SET_EVENT?OSAL
  +--> ?PR?_OSAL_STOPTIMER?OSAL_TIMER
  +--> ?PR?_OSAL_STARTTIMER?OSAL_TIMER

?PR?LOCKKEY_HANDLE?APP_TASK                      -----    -----
  +--> ?PR?_OSAL_STOPTIMER?OSAL_TIMER
  +--> ?PR?APP_TASK
  +--> ?PR?_OSAL_STARTTIMER?OSAL_TIMER

?PR?LIGHT_HANDLE?APP_TASK                        -----    -----
  +--> ?PR?APP_TASK
  +--> ?PR?_OSAL_RESTARTTIME?OSAL_TIMER

?PR?COOL_HANDLE?APP_TASK                         -----    -----
  +--> ?PR?APP_TASK
  +--> ?PR?_OSAL_RESTARTTIME?OSAL_TIMER
  +--> ?PR?HEATCOOL_TASKGETID?HEAT_COOL_TASK
  +--> ?PR?_OSAL_CLEAR_EVENT?OSAL
  +--> ?PR?_OSAL_SET_EVENT?OSAL
  +--> ?PR?_OSAL_STOPTIMER?OSAL_TIMER
  +--> ?PR?_OSAL_STARTTIMER?OSAL_TIMER

?PR?_OSAL_CLEAR_EVENT?OSAL                       0021H    0003H

?PR?_APP_SENTMSG?APP_TASK                        0020H    0002H
  +--> ?PR?_HAL_UARTSENDBUF?HAL_UART

?PR?_HAL_UARTSENDBUF?HAL_UART                    0022H    0006H

*** NEW ROOT ***************************************************
BL51 BANKED LINKER/LOCATER V6.22.2.0                                                  09/27/2018  19:17:09  PAGE 9



?PR?HAL_UART0INTHDL?HAL_UART                     -----    -----
  +--> ?PR?HAL_UART



SYMBOL TABLE OF MODULE:  .\Objects\OSAL_Demo (?C_STARTUP)

  VALUE           TYPE          NAME
  ----------------------------------

  -------         MODULE        ?C_STARTUP
  C:0C08H         SEGMENT       ?C_C51STARTUP
  I:0042H         SEGMENT       ?STACK
  C:0000H         PUBLIC        ?C_STARTUP
  D:00E0H         SYMBOL        ACC
  D:00F0H         SYMBOL        B
  D:0083H         SYMBOL        DPH
  D:0082H         SYMBOL        DPL
  N:0000H         SYMBOL        IBPSTACK
  N:0100H         SYMBOL        IBPSTACKTOP
  N:0080H         SYMBOL        IDATALEN
  C:0C0BH         SYMBOL        IDATALOOP
  N:0000H         SYMBOL        PBPSTACK
  N:0100H         SYMBOL        PBPSTACKTOP
  N:0000H         SYMBOL        PDATALEN
  N:0000H         SYMBOL        PDATASTART
  N:0000H         SYMBOL        PPAGE
  N:0000H         SYMBOL        PPAGEENABLE
  D:00A0H         SYMBOL        PPAGE_SFR
  D:0081H         SYMBOL        SP
  C:0C08H         SYMBOL        STARTUP1
  N:0000H         SYMBOL        XBPSTACK
  N:0000H         SYMBOL        XBPSTACKTOP
  N:0000H         SYMBOL        XDATALEN
  N:0000H         SYMBOL        XDATASTART
  C:0000H         LINE#         126
  C:0C08H         LINE#         133
  C:0C0AH         LINE#         134
  C:0C0BH         LINE#         135
  C:0C0CH         LINE#         136
  C:0C0EH         LINE#         185
  C:0C11H         LINE#         196
  -------         ENDMOD        ?C_STARTUP

  -------         MODULE        MAIN
  C:0000H         SYMBOL        _ICE_DUMMY_
  D:0080H         PUBLIC        P0
  D:0090H         PUBLIC        P1
  D:00A0H         PUBLIC        P2
  D:00D8H         PUBLIC        P5
  B:00A8H.7       PUBLIC        EA
  D:00A8H         PUBLIC        IE
  D:00B8H         PUBLIC        IP
  C:191CH         PUBLIC        main
  D:0098H         PUBLIC        SCON
  D:0088H         PUBLIC        TCON
BL51 BANKED LINKER/LOCATER V6.22.2.0                                                  09/27/2018  19:17:09  PAGE 10


  D:00CFH         PUBLIC        WDTCON
  D:00C8H         PUBLIC        T2CON
  D:00D0H         PUBLIC        PSW
  -------         PROC          MAIN
  C:191CH         LINE#         8
  C:191CH         LINE#         9
  C:191CH         LINE#         10
  C:191EH         LINE#         11
  C:1921H         LINE#         12
  C:1924H         LINE#         13
  C:1927H         LINE#         15
  C:192AH         LINE#         17
  C:192CH         LINE#         18
  -------         ENDPROC       MAIN
  -------         ENDMOD        MAIN

  -------         MODULE        APP_TASK
  C:0000H         SYMBOL        _ICE_DUMMY_
  D:0080H         PUBLIC        P0
  D:0090H         PUBLIC        P1
  D:00A0H         PUBLIC        P2
  C:01D9H         PUBLIC        _App_TaskProcessEvent
  D:00D8H         PUBLIC        P5
  C:1634H         SYMBOL        Pushrod_HeadCloseHandle
  D:00A8H         PUBLIC        IE
  C:16AFH         SYMBOL        Pushrod_LumbarOpenHandle
  D:00B8H         PUBLIC        IP
  X:00A5H         SYMBOL        App_Obj
  C:1451H         SYMBOL        Pushrod_ResetHandle
  C:165DH         SYMBOL        Pushrod_HeadOpenHandle
  D:0031H         SYMBOL        App_TaskID
  C:13D8H         SYMBOL        Light_Handle
  C:148BH         PUBLIC        _App_TaskInit
  D:0099H         PUBLIC        SBUF
  C:19F7H         SYMBOL        Heat_Handle
  B:0080H.4       PUBLIC        P04
  D:0098H         PUBLIC        SCON
  B:0080H.5       PUBLIC        P05
  D:0088H         PUBLIC        TCON
  B:00A0H.5       PUBLIC        P25
  C:0ADFH         SYMBOL        App_UartRxHandle
  C:0D1BH         SYMBOL        Msge_Handle
  C:0D8FH         SYMBOL        Cool_Handle
  C:1351H         SYMBOL        _App_SentMsg
  C:1273H         SYMBOL        Warn_Handle
  C:0380H         SYMBOL        Key_Handle
  C:0003H         SYMBOL        TimeHandle
  D:009AH         PUBLIC        P0CON
  D:00A1H         PUBLIC        P2CON
  C:17F1H         SYMBOL        LockKey_Handle
  D:00C8H         PUBLIC        T2CON
  D:00D0H         PUBLIC        PSW
  C:1686H         SYMBOL        Pushrod_LumbarCloseHandle
  C:0E76H         SYMBOL        Com0064
  C:0E76H         SYMBOL        L?0101
  C:0E82H         SYMBOL        L?0102
  C:0E89H         SYMBOL        L?0103
BL51 BANKED LINKER/LOCATER V6.22.2.0                                                  09/27/2018  19:17:09  PAGE 11


  C:0E8BH         SYMBOL        L?0104
  C:0E98H         SYMBOL        L?0105
  C:0E98H         SYMBOL        L?0106
  C:0E9FH         SYMBOL        L?0109
  C:0EA2H         SYMBOL        L?0110
  C:0EAAH         SYMBOL        L?0111
  C:0EB7H         SYMBOL        L?0112
  C:0EC3H         SYMBOL        L?0113
  C:0EC3H         SYMBOL        L?0114
  C:0ECBH         SYMBOL        L?0115
  C:0ED6H         SYMBOL        L?0116
  -------         PROC          COM0064
  -------         ENDPROC       COM0064
  -------         PROC          _APP_SENTMSG
  D:0020H         SYMBOL        cont
  -------         DO            
  D:002AH         SYMBOL        send_buf
  -------         ENDDO         
  C:1351H         LINE#         20
  C:1355H         LINE#         22
  C:1364H         LINE#         23
  C:1367H         LINE#         24
  C:136AH         LINE#         25
  C:136EH         LINE#         26
  C:1372H         LINE#         27
  C:137AH         LINE#         28
  C:137DH         LINE#         29
  C:1380H         LINE#         30
  C:1391H         LINE#         31
  C:1394H         LINE#         32
  -------         ENDPROC       _APP_SENTMSG
  -------         PROC          APP_UARTRXHANDLE
  C:0ADFH         LINE#         34
  C:0ADFH         LINE#         35
  C:0ADFH         LINE#         36
  C:0AF3H         LINE#         38
  C:0AFBH         LINE#         39
  C:0AFBH         LINE#         40
  C:0AFDH         LINE#         42
  C:0AFDH         LINE#         44
  C:0B0AH         LINE#         45
  C:0B12H         LINE#         46
  C:0B12H         LINE#         47
  C:0B14H         LINE#         49
  C:0B14H         LINE#         51
  C:0B22H         LINE#         52
  C:0B22H         LINE#         53
  C:0B24H         LINE#         55
  C:0B24H         LINE#         57
  C:0B4CH         LINE#         58
  C:0B4FH         LINE#         59
  C:0B57H         LINE#         61
  C:0B57H         LINE#         63
  C:0B69H         LINE#         64
  C:0B72H         LINE#         65
  C:0B75H         LINE#         66
  C:0B75H         LINE#         67
BL51 BANKED LINKER/LOCATER V6.22.2.0                                                  09/27/2018  19:17:09  PAGE 12


  -------         ENDPROC       APP_UARTRXHANDLE
  -------         PROC          TIMEHANDLE
  C:0003H         LINE#         69
  C:0003H         LINE#         70
  C:0003H         LINE#         71
  C:0006H         LINE#         72
  -------         ENDPROC       TIMEHANDLE
  -------         PROC          LIGHT_HANDLE
  C:13D8H         LINE#         78
  C:13D8H         LINE#         79
  C:13D8H         LINE#         81
  C:13DFH         LINE#         82
  C:13E5H         LINE#         83
  C:13ECH         LINE#         84
  C:13EFH         LINE#         85
  C:13F1H         LINE#         86
  C:13F3H         LINE#         87
  C:13FAH         LINE#         88
  C:1401H         LINE#         89
  C:1402H         LINE#         90
  C:1409H         LINE#         91
  C:140BH         LINE#         92
  C:140DH         LINE#         93
  C:1410H         LINE#         94
  C:1414H         LINE#         95
  C:1414H         LINE#         96
  C:1414H         LINE#         98
  -------         ENDPROC       LIGHT_HANDLE
  -------         PROC          WARN_HANDLE
  C:1273H         LINE#         100
  C:1273H         LINE#         101
  C:1273H         LINE#         103
  C:127AH         LINE#         104
  C:1280H         LINE#         105
  C:1287H         LINE#         106
  C:128AH         LINE#         107
  C:128CH         LINE#         108
  C:1295H         LINE#         109
  C:1298H         LINE#         110
  C:1299H         LINE#         111
  C:12A0H         LINE#         112
  C:12A2H         LINE#         113
  C:12A9H         LINE#         114
  C:12BEH         LINE#         115
  C:12BEH         LINE#         116
  C:12BEH         LINE#         118
  -------         ENDPROC       WARN_HANDLE
  -------         PROC          MSGE_HANDLE
  C:0D1BH         LINE#         120
  C:0D1BH         LINE#         121
  C:0D1BH         LINE#         123
  C:0D22H         LINE#         124
  C:0D28H         LINE#         125
  C:0D2FH         LINE#         126
  C:0D32H         LINE#         127
  C:0D3CH         LINE#         128
  C:0D46H         LINE#         129
BL51 BANKED LINKER/LOCATER V6.22.2.0                                                  09/27/2018  19:17:09  PAGE 13


  C:0D4FH         LINE#         130
  C:0D56H         LINE#         131
  C:0D57H         LINE#         132
  C:0D5EH         LINE#         133
  C:0D68H         LINE#         134
  C:0D72H         LINE#         135
  C:0D87H         LINE#         136
  C:0D8EH         LINE#         137
  C:0D8EH         LINE#         138
  C:0D8EH         LINE#         140
  -------         ENDPROC       MSGE_HANDLE
  -------         PROC          COOL_HANDLE
  C:0D8FH         LINE#         142
  C:0D8FH         LINE#         143
  C:0D8FH         LINE#         145
  C:0D96H         LINE#         146
  C:0D9CH         LINE#         147
  C:0DA3H         LINE#         148
  C:0DA6H         LINE#         149
  C:0DB0H         LINE#         150
  C:0DBAH         LINE#         151
  C:0DC3H         LINE#         152
  C:0DCAH         LINE#         153
  C:0DCBH         LINE#         154
  C:0DD2H         LINE#         155
  C:0DDCH         LINE#         156
  C:0DE6H         LINE#         157
  C:0DFBH         LINE#         158
  C:0E02H         LINE#         159
  C:0E02H         LINE#         160
  C:0E02H         LINE#         162
  -------         ENDPROC       COOL_HANDLE
  -------         PROC          HEAT_HANDLE
  C:19F7H         LINE#         164
  C:19F7H         LINE#         165
  C:19F7H         LINE#         169
  -------         ENDPROC       HEAT_HANDLE
  -------         PROC          PUSHROD_HEADCLOSEHANDLE
  C:1634H         LINE#         171
  C:1634H         LINE#         172
  C:1634H         LINE#         174
  C:163BH         LINE#         175
  C:1641H         LINE#         176
  C:1648H         LINE#         177
  C:1652H         LINE#         178
  C:1652H         LINE#         179
  C:165CH         LINE#         180
  C:165CH         LINE#         182
  -------         ENDPROC       PUSHROD_HEADCLOSEHANDLE
  -------         PROC          PUSHROD_HEADOPENHANDLE
  C:165DH         LINE#         184
  C:165DH         LINE#         185
  C:165DH         LINE#         187
  C:1664H         LINE#         188
  C:166AH         LINE#         189
  C:1671H         LINE#         190
  C:167BH         LINE#         191
BL51 BANKED LINKER/LOCATER V6.22.2.0                                                  09/27/2018  19:17:09  PAGE 14


  C:167BH         LINE#         192
  C:1685H         LINE#         193
  C:1685H         LINE#         195
  -------         ENDPROC       PUSHROD_HEADOPENHANDLE
  -------         PROC          PUSHROD_LUMBARCLOSEHANDLE
  C:1686H         LINE#         197
  C:1686H         LINE#         198
  C:1686H         LINE#         200
  C:168DH         LINE#         201
  C:1693H         LINE#         202
  C:169AH         LINE#         203
  C:16A4H         LINE#         204
  C:16A4H         LINE#         205
  C:16AEH         LINE#         206
  C:16AEH         LINE#         208
  -------         ENDPROC       PUSHROD_LUMBARCLOSEHANDLE
  -------         PROC          PUSHROD_LUMBAROPENHANDLE
  C:16AFH         LINE#         210
  C:16AFH         LINE#         211
  C:16AFH         LINE#         213
  C:16B6H         LINE#         214
  C:16BCH         LINE#         215
  C:16C3H         LINE#         216
  C:16CDH         LINE#         217
  C:16CDH         LINE#         218
  C:16D7H         LINE#         219
  C:16D7H         LINE#         221
  -------         ENDPROC       PUSHROD_LUMBAROPENHANDLE
  -------         PROC          PUSHROD_RESETHANDLE
  C:1451H         LINE#         223
  C:1451H         LINE#         224
  C:1451H         LINE#         226
  C:1458H         LINE#         227
  C:145EH         LINE#         228
  C:1465H         LINE#         229
  C:146FH         LINE#         230
  C:146FH         LINE#         231
  C:1478H         LINE#         232
  C:1483H         LINE#         233
  C:148AH         LINE#         234
  C:148AH         LINE#         236
  -------         ENDPROC       PUSHROD_RESETHANDLE
  -------         PROC          LOCKKEY_HANDLE
  C:17F1H         LINE#         238
  C:17F1H         LINE#         239
  C:17F1H         LINE#         240
  C:17FAH         LINE#         241
  C:1805H         LINE#         242
  C:180CH         LINE#         243
  -------         ENDPROC       LOCKKEY_HANDLE
  -------         PROC          KEY_HANDLE
  -------         DO            
  D:0020H         SYMBOL        sup_flag
  -------         ENDDO         
  C:0380H         LINE#         245
  C:0380H         LINE#         246
  C:03BBH         LINE#         247
BL51 BANKED LINKER/LOCATER V6.22.2.0                                                  09/27/2018  19:17:09  PAGE 15


  C:03BBH         LINE#         248
  C:03CAH         LINE#         249
  C:03CFH         LINE#         251
  C:03CFH         LINE#         252
  C:03D0H         LINE#         253
  C:03D0H         LINE#         254
  C:03D0H         LINE#         255
  C:03DFH         LINE#         256
  C:03E5H         LINE#         258
  C:03E8H         LINE#         259
  C:03E8H         LINE#         260
  C:03E8H         LINE#         261
  C:03E8H         LINE#         262
  C:03E8H         LINE#         263
  C:03F7H         LINE#         264
  C:03FDH         LINE#         266
  C:0400H         LINE#         267
  C:0400H         LINE#         268
  C:0400H         LINE#         269
  C:0400H         LINE#         270
  C:0400H         LINE#         271
  C:040FH         LINE#         272
  C:0415H         LINE#         274
  C:0418H         LINE#         275
  C:0418H         LINE#         276
  C:0418H         LINE#         277
  C:0418H         LINE#         278
  C:0418H         LINE#         279
  C:0427H         LINE#         280
  C:042DH         LINE#         282
  C:0430H         LINE#         283
  C:0430H         LINE#         284
  C:0430H         LINE#         285
  C:0430H         LINE#         286
  C:0430H         LINE#         287
  C:043FH         LINE#         288
  C:0445H         LINE#         290
  C:0448H         LINE#         291
  C:0448H         LINE#         292
  C:0448H         LINE#         293
  C:0448H         LINE#         294
  C:0448H         LINE#         295
  C:0457H         LINE#         296
  C:045DH         LINE#         298
  C:0460H         LINE#         299
  C:0460H         LINE#         300
  C:0460H         LINE#         301
  C:0460H         LINE#         302
  C:0460H         LINE#         303
  C:046CH         LINE#         304
  C:0472H         LINE#         307
  C:0472H         LINE#         308
  C:0473H         LINE#         309
  C:0473H         LINE#         310
  C:0473H         LINE#         311
  C:047DH         LINE#         312
  C:0480H         LINE#         313
BL51 BANKED LINKER/LOCATER V6.22.2.0                                                  09/27/2018  19:17:09  PAGE 16


  C:0486H         LINE#         315
  C:0490H         LINE#         317
  C:0497H         LINE#         318
  C:049AH         LINE#         319
  C:04A3H         LINE#         321
  C:04A6H         LINE#         323
  C:04A6H         LINE#         324
  C:04ADH         LINE#         325
  C:04B0H         LINE#         326
  C:04B9H         LINE#         328
  C:04BCH         LINE#         330
  C:04BCH         LINE#         331
  C:04C9H         LINE#         332
  C:04CDH         LINE#         333
  C:04D7H         LINE#         334
  C:04D7H         LINE#         335
  C:04D7H         LINE#         336
  C:04D7H         LINE#         337
  C:04D7H         LINE#         338
  C:04D7H         LINE#         339
  -------         ENDPROC       KEY_HANDLE
  -------         PROC          _APP_TASKINIT
  D:0007H         SYMBOL        task_id
  C:148BH         LINE#         341
  C:148BH         LINE#         342
  C:148BH         LINE#         343
  C:148DH         LINE#         346
  C:1490H         LINE#         347
  C:1493H         LINE#         349
  C:1496H         LINE#         353
  C:1499H         LINE#         354
  C:149CH         LINE#         356
  C:14A7H         LINE#         357
  C:14ACH         LINE#         358
  C:14B0H         LINE#         359
  C:14B0H         LINE#         360
  C:14B0H         LINE#         361
  C:14B3H         LINE#         362
  C:14BCH         LINE#         364
  C:14C2H         LINE#         365
  C:14C4H         LINE#         366
  -------         ENDPROC       _APP_TASKINIT
  C:0351H         SYMBOL        L?0107
  C:036AH         SYMBOL        L?0108
  -------         PROC          _APP_TASKPROCESSEVENT
  D:001DH         SYMBOL        task_id
  D:001EH         SYMBOL        events
  C:01D9H         LINE#         368
  C:01DFH         LINE#         369
  C:01DFH         LINE#         370
  C:01DFH         LINE#         371
  C:01E4H         LINE#         372
  C:01E7H         LINE#         373
  C:01F2H         LINE#         374
  C:01FAH         LINE#         375
  C:01FAH         LINE#         377
  C:01FFH         LINE#         378
BL51 BANKED LINKER/LOCATER V6.22.2.0                                                  09/27/2018  19:17:09  PAGE 17


  C:0206H         LINE#         379
  C:0209H         LINE#         380
  C:020DH         LINE#         381
  C:0210H         LINE#         382
  C:0214H         LINE#         383
  C:021AH         LINE#         384
  C:021AH         LINE#         385
  C:0221H         LINE#         391
  C:0221H         LINE#         392
  C:0221H         LINE#         393
  C:0221H         LINE#         394
  C:0224H         LINE#         397
  C:0229H         LINE#         398
  C:0230H         LINE#         399
  C:0230H         LINE#         402
  C:0237H         LINE#         403
  C:023EH         LINE#         404
  C:023EH         LINE#         407
  C:0245H         LINE#         408
  C:0248H         LINE#         409
  C:0248H         LINE#         412
  C:024FH         LINE#         413
  C:0256H         LINE#         414
  C:0256H         LINE#         421
  C:0258H         LINE#         422
  C:025FH         LINE#         423
  C:0265H         LINE#         424
  C:0268H         LINE#         425
  C:026DH         LINE#         426
  C:0270H         LINE#         427
  C:0270H         LINE#         428
  C:0273H         LINE#         429
  C:0273H         LINE#         430
  C:027BH         LINE#         431
  C:027BH         LINE#         433
  C:0280H         LINE#         434
  C:0287H         LINE#         435
  C:0291H         LINE#         436
  C:029BH         LINE#         437
  C:02AEH         LINE#         438
  C:02B6H         LINE#         439
  C:02B6H         LINE#         441
  C:02BBH         LINE#         442
  C:02BDH         LINE#         443
  C:02C1H         LINE#         444
  C:02C4H         LINE#         445
  C:02CCH         LINE#         446
  C:02CCH         LINE#         448
  C:02D1H         LINE#         449
  C:02D1H         LINE#         450
  C:02D1H         LINE#         451
  C:02D4H         LINE#         452
  C:02DCH         LINE#         453
  C:02DCH         LINE#         455
  C:02E1H         LINE#         457
  C:02E7H         LINE#         458
  C:02E7H         LINE#         460
BL51 BANKED LINKER/LOCATER V6.22.2.0                                                  09/27/2018  19:17:09  PAGE 18


  C:02ECH         LINE#         461
  C:02EFH         LINE#         462
  C:02EFH         LINE#         463
  C:02F2H         LINE#         464
  C:02FAH         LINE#         465
  C:02FAH         LINE#         467
  C:02FFH         LINE#         468
  C:0306H         LINE#         469
  C:0309H         LINE#         470
  C:0310H         LINE#         472
  C:0314H         LINE#         473
  C:031BH         LINE#         474
  C:0322H         LINE#         478
  C:0324H         LINE#         479
  C:0324H         LINE#         480
  C:0327H         LINE#         484
  C:0328H         LINE#         485
  C:0328H         LINE#         486
  C:032BH         LINE#         490
  C:0335H         LINE#         494
  C:0335H         LINE#         495
  C:0335H         LINE#         496
  C:0338H         LINE#         499
  C:033BH         LINE#         500
  C:033EH         LINE#         501
  C:0346H         LINE#         502
  C:0346H         LINE#         504
  C:034BH         LINE#         505
  C:034DH         LINE#         506
  C:034DH         LINE#         507
  C:0350H         LINE#         508
  -------         ENDPROC       _APP_TASKPROCESSEVENT
  -------         ENDMOD        APP_TASK

  -------         MODULE        HEAT_COOL_TASK
  C:0000H         SYMBOL        _ICE_DUMMY_
  D:0080H         PUBLIC        P0
  D:0090H         PUBLIC        P1
  D:00A0H         PUBLIC        P2
  D:00D8H         PUBLIC        P5
  D:00A8H         PUBLIC        IE
  D:003FH         SYMBOL        HeatCool_TaskID
  D:00B8H         PUBLIC        IP
  C:19DAH         PUBLIC        _HeatCool_TaskInit
  D:0098H         PUBLIC        SCON
  D:0088H         PUBLIC        TCON
  C:19EEH         PUBLIC        HeatCool_TaskGetID
  D:00C8H         PUBLIC        T2CON
  C:061DH         PUBLIC        _HeatCool_TaskProcessEvent
  D:00D0H         PUBLIC        PSW
  C:19D1H         SYMBOL        Com0010
  C:19D1H         SYMBOL        L?0017
  C:19D1H         SYMBOL        L?0018
  -------         PROC          COM0010
  -------         ENDPROC       COM0010
  -------         PROC          _HEATCOOL_TASKINIT
  D:0007H         SYMBOL        task_id
BL51 BANKED LINKER/LOCATER V6.22.2.0                                                  09/27/2018  19:17:09  PAGE 19


  C:19DAH         LINE#         12
  C:19DAH         LINE#         13
  C:19DAH         LINE#         14
  C:19DCH         LINE#         15
  C:19DEH         LINE#         16
  -------         ENDPROC       _HEATCOOL_TASKINIT
  C:06F9H         SYMBOL        L?0011
  C:0705H         SYMBOL        L?0012
  C:0711H         SYMBOL        L?0013
  C:071FH         SYMBOL        L?0014
  C:0734H         SYMBOL        L?0015
  -------         PROC          _HEATCOOL_TASKPROCESSEVENT
  D:001DH         SYMBOL        task_id
  D:001EH         SYMBOL        events
  -------         DO            
  D:0020H         SYMBOL        set
  D:0020H         SYMBOL        set
  D:0020H         SYMBOL        mode
  D:0021H         SYMBOL        set
  D:0020H         SYMBOL        set
  -------         ENDDO         
  -------         DO            
  D:0020H         SYMBOL        set
  D:0020H         SYMBOL        mode
  D:0021H         SYMBOL        set
  D:0020H         SYMBOL        set
  -------         ENDDO         
  -------         DO            
  D:0020H         SYMBOL        mode
  D:0021H         SYMBOL        set
  D:0020H         SYMBOL        set
  -------         ENDDO         
  -------         DO            
  D:0020H         SYMBOL        set
  -------         ENDDO         
  C:061DH         LINE#         18
  C:0623H         LINE#         19
  C:0623H         LINE#         20
  C:0623H         LINE#         30
  C:0628H         LINE#         31
  C:062BH         LINE#         32
  C:0630H         LINE#         33
  C:0638H         LINE#         34
  C:0638H         LINE#         36
  C:063DH         LINE#         37
  C:063DH         LINE#         38
  C:0646H         LINE#         39
  C:064EH         LINE#         40
  C:064EH         LINE#         42
  C:0653H         LINE#         44
  C:0658H         LINE#         45
  C:065BH         LINE#         46
  C:0664H         LINE#         47
  C:0667H         LINE#         48
  C:066DH         LINE#         49
  C:0670H         LINE#         50
  C:067BH         LINE#         51
BL51 BANKED LINKER/LOCATER V6.22.2.0                                                  09/27/2018  19:17:09  PAGE 20


  C:0688H         LINE#         52
  C:0688H         LINE#         53
  C:0693H         LINE#         54
  C:0693H         LINE#         55
  C:0696H         LINE#         56
  C:069BH         LINE#         57
  C:06A3H         LINE#         58
  C:06A3H         LINE#         77
  C:06A8H         LINE#         79
  C:06A8H         LINE#         80
  C:06B1H         LINE#         81
  C:06B6H         LINE#         82
  C:06B6H         LINE#         83
  C:06BBH         LINE#         84
  C:06BEH         LINE#         85
  C:06BEH         LINE#         86
  C:06C9H         LINE#         87
  C:06D1H         LINE#         88
  C:06D1H         LINE#         90
  C:06D6H         LINE#         91
  C:06DBH         LINE#         92
  C:06E3H         LINE#         93
  C:06E3H         LINE#         95
  C:06E8H         LINE#         96
  C:06EDH         LINE#         97
  C:06F5H         LINE#         98
  C:06F5H         LINE#         100
  C:06F8H         LINE#         101
  -------         ENDPROC       _HEATCOOL_TASKPROCESSEVENT
  -------         PROC          HEATCOOL_TASKGETID
  C:19EEH         LINE#         103
  C:19EEH         LINE#         104
  C:19EEH         LINE#         105
  C:19F0H         LINE#         106
  -------         ENDPROC       HEATCOOL_TASKGETID
  -------         ENDMOD        HEAT_COOL_TASK

  -------         MODULE        MSGE_TASK
  C:0000H         SYMBOL        _ICE_DUMMY_
  D:0080H         PUBLIC        P0
  D:0090H         PUBLIC        P1
  D:00A0H         PUBLIC        P2
  D:00D8H         PUBLIC        P5
  D:00A8H         PUBLIC        IE
  D:0040H         SYMBOL        Msge_TaskID
  D:00B8H         PUBLIC        IP
  C:19DFH         PUBLIC        _Msge_TaskInit
  C:19F1H         PUBLIC        Msge_TaskGetID
  D:0098H         PUBLIC        SCON
  D:0088H         PUBLIC        TCON
  D:00C8H         PUBLIC        T2CON
  C:14C5H         PUBLIC        _Msge_TaskProcessEvent
  D:00D0H         PUBLIC        PSW
  -------         PROC          _MSGE_TASKINIT
  D:0007H         SYMBOL        task_id
  C:19DFH         LINE#         5
  C:19DFH         LINE#         6
BL51 BANKED LINKER/LOCATER V6.22.2.0                                                  09/27/2018  19:17:09  PAGE 21


  C:19DFH         LINE#         7
  C:19E1H         LINE#         8
  C:19E3H         LINE#         9
  -------         ENDPROC       _MSGE_TASKINIT
  C:14EBH         SYMBOL        L?0006
  -------         PROC          _MSGE_TASKPROCESSEVENT
  D:001DH         SYMBOL        task_id
  D:001EH         SYMBOL        events
  C:14C5H         LINE#         11
  C:14CBH         LINE#         12
  C:14CBH         LINE#         13
  C:14CBH         LINE#         15
  C:14D0H         LINE#         16
  C:14D2H         LINE#         17
  C:14D9H         LINE#         18
  C:14D9H         LINE#         20
  C:14DEH         LINE#         21
  C:14E0H         LINE#         22
  C:14E7H         LINE#         23
  C:14E7H         LINE#         25
  C:14EAH         LINE#         26
  -------         ENDPROC       _MSGE_TASKPROCESSEVENT
  -------         PROC          MSGE_TASKGETID
  C:19F1H         LINE#         28
  C:19F1H         LINE#         29
  C:19F1H         LINE#         30
  C:19F3H         LINE#         31
  -------         ENDPROC       MSGE_TASKGETID
  -------         ENDMOD        MSGE_TASK

  -------         MODULE        PUSHROD_TASK
  C:0000H         SYMBOL        _ICE_DUMMY_
  D:0080H         PUBLIC        P0
  D:0090H         PUBLIC        P1
  D:00A0H         PUBLIC        P2
  D:00D8H         PUBLIC        P5
  D:00A8H         PUBLIC        IE
  C:19F4H         PUBLIC        Pushrod_TaskGetID
  D:00B8H         PUBLIC        IP
  D:0098H         PUBLIC        SCON
  D:0088H         PUBLIC        TCON
  C:0A47H         PUBLIC        _Pushrod_TaskProcessEvent
  D:00C8H         PUBLIC        T2CON
  D:0041H         SYMBOL        Pushrod_TaskID
  C:19E4H         PUBLIC        _Pushrod_TaskInit
  D:00D0H         PUBLIC        PSW
  -------         PROC          _PUSHROD_TASKINIT
  D:0007H         SYMBOL        task_id
  C:19E4H         LINE#         6
  C:19E4H         LINE#         7
  C:19E4H         LINE#         8
  C:19E6H         LINE#         9
  C:19E8H         LINE#         10
  -------         ENDPROC       _PUSHROD_TASKINIT
  C:0AC3H         SYMBOL        L?0013
  C:0AD3H         SYMBOL        L?0014
  -------         PROC          _PUSHROD_TASKPROCESSEVENT
BL51 BANKED LINKER/LOCATER V6.22.2.0                                                  09/27/2018  19:17:09  PAGE 22


  D:001DH         SYMBOL        task_id
  D:001EH         SYMBOL        events
  -------         DO            
  D:0020H         SYMBOL        i
  -------         ENDDO         
  C:0A47H         LINE#         12
  C:0A4DH         LINE#         13
  C:0A4DH         LINE#         14
  C:0A4DH         LINE#         15
  C:0A52H         LINE#         17
  C:0A57H         LINE#         18
  C:0A64H         LINE#         19
  C:0A77H         LINE#         20
  C:0A7FH         LINE#         21
  C:0A7FH         LINE#         23
  C:0A84H         LINE#         24
  C:0A86H         LINE#         25
  C:0A8DH         LINE#         26
  C:0A8DH         LINE#         28
  C:0A92H         LINE#         29
  C:0A94H         LINE#         30
  C:0A9BH         LINE#         31
  C:0A9BH         LINE#         33
  C:0AA0H         LINE#         34
  C:0AA5H         LINE#         35
  C:0AADH         LINE#         36
  C:0AADH         LINE#         38
  C:0AB2H         LINE#         39
  C:0AB7H         LINE#         40
  C:0ABFH         LINE#         41
  C:0ABFH         LINE#         43
  C:0AC2H         LINE#         44
  -------         ENDPROC       _PUSHROD_TASKPROCESSEVENT
  -------         PROC          PUSHROD_TASKGETID
  C:19F4H         LINE#         46
  C:19F4H         LINE#         47
  C:19F4H         LINE#         48
  C:19F6H         LINE#         49
  -------         ENDPROC       PUSHROD_TASKGETID
  -------         ENDMOD        PUSHROD_TASK

  -------         MODULE        OSAL
  C:0000H         SYMBOL        _ICE_DUMMY_
  D:0080H         PUBLIC        P0
  D:0090H         PUBLIC        P1
  D:00A0H         PUBLIC        P2
  D:00D8H         PUBLIC        P5
  B:00A8H.7       PUBLIC        EA
  D:00A8H         PUBLIC        IE
  D:00B8H         PUBLIC        IP
  C:1415H         PUBLIC        _osal_clear_event
  D:0098H         PUBLIC        SCON
  D:0088H         PUBLIC        TCON
  D:00CFH         PUBLIC        WDTCON
  C:14FBH         PUBLIC        _osal_set_event
  D:00C8H         PUBLIC        T2CON
  C:0C94H         PUBLIC        osal_run_system
BL51 BANKED LINKER/LOCATER V6.22.2.0                                                  09/27/2018  19:17:09  PAGE 23


  D:00D0H         PUBLIC        PSW
  C:19ADH         SYMBOL        Com0033
  C:19ADH         SYMBOL        L?0052
  C:19B2H         SYMBOL        L?0053
  -------         PROC          COM0033
  -------         ENDPROC       COM0033
  -------         PROC          _OSAL_SET_EVENT
  D:0007H         SYMBOL        task_id
  D:0004H         SYMBOL        event_flag
  -------         DO            
  D:0021H         SYMBOL        intState
  -------         ENDDO         
  C:14FBH         LINE#         8
  C:14FBH         LINE#         9
  C:14FBH         LINE#         10
  C:1501H         LINE#         12
  C:1509H         LINE#         13
  C:1521H         LINE#         14
  C:1527H         LINE#         15
  C:152AH         LINE#         16
  C:152AH         LINE#         17
  C:152CH         LINE#         18
  C:152CH         LINE#         19
  -------         ENDPROC       _OSAL_SET_EVENT
  -------         PROC          _OSAL_CLEAR_EVENT
  D:0007H         SYMBOL        task_id
  D:0021H         SYMBOL        event_flag
  -------         DO            
  D:0023H         SYMBOL        intState
  -------         ENDDO         
  C:1415H         LINE#         21
  C:1419H         LINE#         22
  C:1419H         LINE#         23
  C:141FH         LINE#         25
  C:1427H         LINE#         26
  C:1445H         LINE#         27
  C:144BH         LINE#         28
  C:144EH         LINE#         29
  C:144EH         LINE#         30
  C:1450H         LINE#         31
  C:1450H         LINE#         32
  -------         ENDPROC       _OSAL_CLEAR_EVENT
  -------         PROC          OSAL_RUN_SYSTEM
  -------         DO            
  D:001DH         SYMBOL        idx
  -------         DO            
  D:001EH         SYMBOL        events
  D:0020H         SYMBOL        ret
  D:0022H         SYMBOL        intState
  -------         ENDDO         
  -------         ENDDO         
  C:0C94H         LINE#         34
  C:0C94H         LINE#         35
  C:0C94H         LINE#         36
  C:0C94H         LINE#         37
  C:0C97H         LINE#         39
  C:0C9AH         LINE#         41
BL51 BANKED LINKER/LOCATER V6.22.2.0                                                  09/27/2018  19:17:09  PAGE 24


  C:0C9DH         LINE#         42
  C:0C9DH         LINE#         43
  C:0CA7H         LINE#         44
  C:0CA7H         LINE#         45
  C:0CA7H         LINE#         46
  C:0CB0H         LINE#         48
  C:0CB7H         LINE#         49
  C:0CC0H         LINE#         52
  C:0CC2H         LINE#         53
  C:0CCCH         LINE#         54
  C:0CD3H         LINE#         55
  C:0CD9H         LINE#         57
  C:0CF8H         LINE#         59
  C:0CFBH         LINE#         60
  C:0D12H         LINE#         61
  C:0D18H         LINE#         62
  C:0D18H         LINE#         63
  -------         ENDPROC       OSAL_RUN_SYSTEM
  -------         ENDMOD        OSAL

  -------         MODULE        OSAL_TASKS
  C:0000H         SYMBOL        _ICE_DUMMY_
  D:0080H         PUBLIC        P0
  D:0090H         PUBLIC        P1
  D:00A0H         PUBLIC        P2
  D:00D8H         PUBLIC        P5
  D:00A8H         PUBLIC        IE
  D:00B8H         PUBLIC        IP
  D:0008H         PUBLIC        tasksEvents
  C:1587H         PUBLIC        OSAL_InitTasks
  D:0098H         PUBLIC        SCON
  D:0088H         PUBLIC        TCON
  D:0010H         PUBLIC        tasksArr
  D:001CH         PUBLIC        tasksCnt
  D:00C8H         PUBLIC        T2CON
  D:00D0H         PUBLIC        PSW
  -------         PROC          OSAL_INITTASKS
  -------         DO            
  D:001DH         SYMBOL        taskID
  -------         ENDDO         
  C:1587H         LINE#         22
  C:1587H         LINE#         23
  C:1587H         LINE#         24
  C:158AH         LINE#         25
  C:158DH         LINE#         26
  C:1599H         LINE#         27
  C:15A0H         LINE#         28
  C:15A7H         LINE#         29
  C:15AEH         LINE#         30
  -------         ENDPROC       OSAL_INITTASKS
  -------         ENDMOD        OSAL_TASKS

  -------         MODULE        OSAL_TIMER
  C:0000H         SYMBOL        _ICE_DUMMY_
  D:0080H         PUBLIC        P0
  D:0090H         PUBLIC        P1
  D:00A0H         PUBLIC        P2
BL51 BANKED LINKER/LOCATER V6.22.2.0                                                  09/27/2018  19:17:09  PAGE 25


  D:00D8H         PUBLIC        P5
  D:00A8H         PUBLIC        IE
  X:0000H         SYMBOL        OSAL_Timer
  D:00B8H         PUBLIC        IP
  C:0FB5H         PUBLIC        _OSAL_StartTimer
  C:1971H         PUBLIC        OSAL_TimerInit
  D:0098H         PUBLIC        SCON
  D:0088H         PUBLIC        TCON
  C:0E03H         PUBLIC        _OSAL_StopTimer
  D:00C8H         PUBLIC        T2CON
  C:11D3H         PUBLIC        _OSAL_ReStartTime
  C:0B76H         PUBLIC        OSAL_TimerUpdata
  D:00D0H         PUBLIC        PSW
  C:15B3H         SYMBOL        Com0020
  C:15B3H         SYMBOL        L?0033
  C:15B3H         SYMBOL        L?0034
  C:15B4H         SYMBOL        L?0035
  C:15B7H         SYMBOL        L?0036
  C:15BFH         SYMBOL        L?0037
  C:15C8H         SYMBOL        L?0038
  C:15C8H         SYMBOL        L?0039
  C:15CBH         SYMBOL        L?0040
  C:15D6H         SYMBOL        L?0041
  C:15D6H         SYMBOL        L?0042
  -------         PROC          COM0020
  -------         ENDPROC       COM0020
  -------         PROC          OSAL_TIMERINIT
  C:1971H         LINE#         16
  C:1971H         LINE#         17
  C:1971H         LINE#         18
  -------         ENDPROC       OSAL_TIMERINIT
  -------         PROC          _OSAL_STARTTIMER
  D:0001H         SYMBOL        task_id
  D:0023H         SYMBOL        event_id
  D:0025H         SYMBOL        timeout_value
  -------         DO            
  D:0002H         SYMBOL        i
  -------         ENDDO         
  C:0FB5H         LINE#         21
  C:0FBBH         LINE#         22
  C:0FBBH         LINE#         24
  C:0FBEH         LINE#         25
  C:0FC5H         LINE#         26
  C:0FCCH         LINE#         27
  C:0FD9H         LINE#         28
  C:0FE5H         LINE#         29
  C:0FECH         LINE#         30
  C:0FFCH         LINE#         31
  C:100DH         LINE#         32
  C:1010H         LINE#         33
  C:1010H         LINE#         34
  C:101BH         LINE#         35
  C:101DH         LINE#         36
  -------         ENDPROC       _OSAL_STARTTIMER
  -------         PROC          _OSAL_RESTARTTIME
  D:0001H         SYMBOL        task_id
  D:0021H         SYMBOL        event_id
BL51 BANKED LINKER/LOCATER V6.22.2.0                                                  09/27/2018  19:17:09  PAGE 26


  -------         DO            
  D:0006H         SYMBOL        i
  -------         ENDDO         
  C:11D3H         LINE#         38
  C:11D9H         LINE#         39
  C:11D9H         LINE#         41
  C:11DCH         LINE#         42
  C:11EAH         LINE#         43
  C:1205H         LINE#         44
  C:1215H         LINE#         45
  C:1218H         LINE#         46
  C:1218H         LINE#         47
  C:1218H         LINE#         48
  C:1223H         LINE#         49
  C:1225H         LINE#         50
  -------         ENDPROC       _OSAL_RESTARTTIME
  -------         PROC          _OSAL_STOPTIMER
  D:0001H         SYMBOL        task_id
  D:0022H         SYMBOL        event_id
  -------         DO            
  D:0002H         SYMBOL        i
  -------         ENDDO         
  C:0E03H         LINE#         71
  C:0E09H         LINE#         72
  C:0E09H         LINE#         74
  C:0E0CH         LINE#         75
  C:0E2EH         LINE#         76
  C:0E35H         LINE#         77
  C:0E42H         LINE#         78
  C:0E4BH         LINE#         79
  C:0E51H         LINE#         80
  C:0E58H         LINE#         81
  C:0E65H         LINE#         82
  C:0E68H         LINE#         83
  C:0E68H         LINE#         84
  C:0E73H         LINE#         85
  C:0E75H         LINE#         86
  -------         ENDPROC       _OSAL_STOPTIMER
  -------         PROC          OSAL_TIMERUPDATA
  -------         DO            
  D:001EH         SYMBOL        i
  -------         ENDDO         
  C:0B76H         LINE#         101
  C:0B76H         LINE#         102
  C:0B76H         LINE#         104
  C:0B7BH         LINE#         105
  C:0B85H         LINE#         106
  C:0BABH         LINE#         107
  C:0BB8H         LINE#         108
  C:0BC8H         LINE#         109
  C:0BCAH         LINE#         110
  C:0BD4H         LINE#         111
  C:0BD4H         LINE#         112
  C:0BF1H         LINE#         113
  C:0BF1H         LINE#         114
  C:0BF1H         LINE#         115
  C:0C07H         LINE#         116
BL51 BANKED LINKER/LOCATER V6.22.2.0                                                  09/27/2018  19:17:09  PAGE 27


  -------         ENDPROC       OSAL_TIMERUPDATA
  -------         ENDMOD        OSAL_TIMER

  -------         MODULE        PORT_PUSHROD
  C:0000H         SYMBOL        _ICE_DUMMY_
  D:0080H         PUBLIC        P0
  D:0090H         PUBLIC        P1
  D:00A0H         PUBLIC        P2
  D:00D8H         PUBLIC        P5
  C:1843H         PUBLIC        _Prot_PushrodOpen
  C:1700H         PUBLIC        _Port_PushrodInit
  D:00A8H         PUBLIC        IE
  D:00B8H         PUBLIC        IP
  C:1875H         PUBLIC        _Prot_PushrodStop
  B:00A0H.0       PUBLIC        P20
  B:00A0H.1       PUBLIC        P21
  D:0098H         PUBLIC        SCON
  D:0088H         PUBLIC        TCON
  B:00A0H.4       PUBLIC        P24
  B:00A0H.5       PUBLIC        P25
  D:00A1H         PUBLIC        P2CON
  D:00C8H         PUBLIC        T2CON
  C:185CH         PUBLIC        _Prot_PushrodClose
  D:00D0H         PUBLIC        PSW
  -------         PROC          _PORT_PUSHRODINIT
  D:0007H         SYMBOL        id
  C:1700H         LINE#         3
  C:1700H         LINE#         4
  C:1700H         LINE#         5
  C:1706H         LINE#         6
  C:1709H         LINE#         7
  C:170CH         LINE#         8
  C:170EH         LINE#         9
  C:1710H         LINE#         10
  C:1711H         LINE#         11
  C:1717H         LINE#         12
  C:171AH         LINE#         13
  C:171DH         LINE#         14
  C:171FH         LINE#         15
  C:1721H         LINE#         16
  C:1722H         LINE#         17
  C:1722H         LINE#         18
  C:1724H         LINE#         19
  -------         ENDPROC       _PORT_PUSHRODINIT
  -------         PROC          _PROT_PUSHRODOPEN
  D:0007H         SYMBOL        id
  C:1843H         LINE#         21
  C:1843H         LINE#         22
  C:1843H         LINE#         23
  C:1849H         LINE#         24
  C:184BH         LINE#         25
  C:184DH         LINE#         26
  C:184EH         LINE#         27
  C:1854H         LINE#         28
  C:1856H         LINE#         29
  C:1858H         LINE#         30
  C:1859H         LINE#         31
BL51 BANKED LINKER/LOCATER V6.22.2.0                                                  09/27/2018  19:17:09  PAGE 28


  C:1859H         LINE#         32
  C:185BH         LINE#         33
  -------         ENDPROC       _PROT_PUSHRODOPEN
  -------         PROC          _PROT_PUSHRODCLOSE
  D:0007H         SYMBOL        id
  C:185CH         LINE#         35
  C:185CH         LINE#         36
  C:185CH         LINE#         37
  C:1862H         LINE#         38
  C:1864H         LINE#         39
  C:1866H         LINE#         40
  C:1867H         LINE#         41
  C:186DH         LINE#         42
  C:186FH         LINE#         43
  C:1871H         LINE#         44
  C:1872H         LINE#         45
  C:1872H         LINE#         46
  C:1874H         LINE#         47
  -------         ENDPROC       _PROT_PUSHRODCLOSE
  -------         PROC          _PROT_PUSHRODSTOP
  D:0007H         SYMBOL        id
  C:1875H         LINE#         49
  C:1875H         LINE#         50
  C:1875H         LINE#         51
  C:187BH         LINE#         52
  C:187DH         LINE#         53
  C:187FH         LINE#         54
  C:1880H         LINE#         55
  C:1886H         LINE#         56
  C:1888H         LINE#         57
  C:188AH         LINE#         58
  C:188BH         LINE#         59
  C:188BH         LINE#         60
  C:188DH         LINE#         61
  -------         ENDPROC       _PROT_PUSHRODSTOP
  -------         ENDMOD        PORT_PUSHROD

  -------         MODULE        PORT_HEAT_COOL
  C:0000H         SYMBOL        _ICE_DUMMY_
  D:0080H         PUBLIC        P0
  D:0090H         PUBLIC        P1
  D:00A0H         PUBLIC        P2
  D:00D8H         PUBLIC        P5
  D:00A8H         PUBLIC        IE
  D:00B8H         PUBLIC        IP
  B:0090H.0       PUBLIC        P10
  C:18F0H         PUBLIC        _Port_HeatCoolInit
  D:0098H         PUBLIC        SCON
  D:0088H         PUBLIC        TCON
  B:0090H.6       PUBLIC        P16
  B:0090H.7       PUBLIC        P17
  C:198FH         PUBLIC        _Port_HeatSet
  C:1980H         PUBLIC        _Port_CoolSet
  C:199EH         PUBLIC        _Port_FanSet
  D:0091H         PUBLIC        P1CON
  D:00C8H         PUBLIC        T2CON
  D:00D0H         PUBLIC        PSW
BL51 BANKED LINKER/LOCATER V6.22.2.0                                                  09/27/2018  19:17:09  PAGE 29


  -------         PROC          _PORT_HEATCOOLINIT
  D:0007H         SYMBOL        id
  C:18F0H         LINE#         3
  C:18F0H         LINE#         4
  C:18F0H         LINE#         5
  C:18F3H         LINE#         6
  C:18F6H         LINE#         7
  C:18F8H         LINE#         8
  C:18FBH         LINE#         9
  C:18FDH         LINE#         10
  C:1900H         LINE#         11
  C:1902H         LINE#         12
  C:1903H         LINE#         13
  C:1903H         LINE#         14
  C:1905H         LINE#         15
  -------         ENDPROC       _PORT_HEATCOOLINIT
  -------         PROC          _PORT_COOLSET
  D:0007H         SYMBOL        id
  D:0005H         SYMBOL        set
  C:1980H         LINE#         17
  C:1980H         LINE#         18
  C:1980H         LINE#         19
  C:1983H         LINE#         20
  C:198BH         LINE#         21
  C:198CH         LINE#         22
  C:198CH         LINE#         23
  C:198EH         LINE#         24
  -------         ENDPROC       _PORT_COOLSET
  -------         PROC          _PORT_HEATSET
  D:0007H         SYMBOL        id
  D:0005H         SYMBOL        set
  C:198FH         LINE#         26
  C:198FH         LINE#         27
  C:198FH         LINE#         28
  C:1992H         LINE#         29
  C:199AH         LINE#         30
  C:199BH         LINE#         31
  C:199BH         LINE#         32
  C:199DH         LINE#         33
  -------         ENDPROC       _PORT_HEATSET
  -------         PROC          _PORT_FANSET
  D:0007H         SYMBOL        id
  D:0005H         SYMBOL        set
  C:199EH         LINE#         35
  C:199EH         LINE#         36
  C:199EH         LINE#         37
  C:19A1H         LINE#         38
  C:19A9H         LINE#         39
  C:19AAH         LINE#         40
  C:19AAH         LINE#         41
  C:19ACH         LINE#         42
  -------         ENDPROC       _PORT_FANSET
  -------         ENDMOD        PORT_HEAT_COOL

  -------         MODULE        PORT_MSGE
  C:0000H         SYMBOL        _ICE_DUMMY_
  D:0080H         PUBLIC        P0
BL51 BANKED LINKER/LOCATER V6.22.2.0                                                  09/27/2018  19:17:09  PAGE 30


  D:0090H         PUBLIC        P1
  D:00A0H         PUBLIC        P2
  D:00D8H         PUBLIC        P5
  D:00A8H         PUBLIC        IE
  D:00B8H         PUBLIC        IP
  C:1941H         PUBLIC        _Port_MsgeInit
  B:0080H.2       PUBLIC        P02
  B:0080H.3       PUBLIC        P03
  D:0098H         PUBLIC        SCON
  D:0088H         PUBLIC        TCON
  C:15DFH         PUBLIC        _Port_MsgeSet
  D:009AH         PUBLIC        P0CON
  D:00C8H         PUBLIC        T2CON
  D:00D0H         PUBLIC        PSW
  -------         PROC          _PORT_MSGEINIT
  D:0007H         SYMBOL        id
  C:1941H         LINE#         3
  C:1941H         LINE#         4
  C:1941H         LINE#         5
  C:1944H         LINE#         6
  C:1947H         LINE#         7
  C:1949H         LINE#         8
  C:194CH         LINE#         9
  C:194EH         LINE#         10
  C:194FH         LINE#         11
  C:194FH         LINE#         12
  C:1951H         LINE#         13
  -------         ENDPROC       _PORT_MSGEINIT
  -------         PROC          _PORT_MSGESET
  D:0007H         SYMBOL        id
  D:0005H         SYMBOL        num
  D:0003H         SYMBOL        set
  C:15DFH         LINE#         15
  C:15DFH         LINE#         16
  C:15DFH         LINE#         17
  C:15E2H         LINE#         18
  C:15EAH         LINE#         19
  C:15F2H         LINE#         20
  C:15FBH         LINE#         21
  C:1603H         LINE#         22
  C:1604H         LINE#         23
  C:1607H         LINE#         24
  C:1607H         LINE#         26
  C:1607H         LINE#         27
  C:1609H         LINE#         28
  -------         ENDPROC       _PORT_MSGESET
  -------         ENDMOD        PORT_MSGE

  -------         MODULE        HAL_PUSHROD
  C:0000H         SYMBOL        _ICE_DUMMY_
  D:0080H         PUBLIC        P0
  D:0090H         PUBLIC        P1
  D:00A0H         PUBLIC        P2
  D:00D8H         PUBLIC        P5
  C:17AFH         SYMBOL        _Hal_PushrodStop
  D:00A8H         PUBLIC        IE
  D:00B8H         PUBLIC        IP
BL51 BANKED LINKER/LOCATER V6.22.2.0                                                  09/27/2018  19:17:09  PAGE 31


  X:00CAH         SYMBOL        Push_Obj
  D:0098H         PUBLIC        SCON
  D:0088H         PUBLIC        TCON
  C:152DH         PUBLIC        _Hal_PushrodControl
  C:178EH         SYMBOL        _Hal_PushrodClose
  D:00C8H         PUBLIC        T2CON
  C:176DH         SYMBOL        _Hal_PushrodOpen
  C:1395H         PUBLIC        _Hal_PushrodInit
  D:00D0H         PUBLIC        PSW
  C:1906H         SYMBOL        Com001B
  C:1906H         SYMBOL        L?0028
  C:190AH         SYMBOL        L?0029
  C:1913H         SYMBOL        L?0030
  C:1913H         SYMBOL        L?0031
  -------         PROC          COM001B
  -------         ENDPROC       COM001B
  -------         PROC          _HAL_PUSHRODOPEN
  D:0026H         SYMBOL        id
  C:176DH         LINE#         41
  C:176FH         LINE#         42
  C:176FH         LINE#         43
  C:1774H         LINE#         44
  C:1777H         LINE#         50
  C:1788H         LINE#         51
  C:178BH         LINE#         53
  C:178DH         LINE#         54
  -------         ENDPROC       _HAL_PUSHRODOPEN
  -------         PROC          _HAL_PUSHRODCLOSE
  D:0026H         SYMBOL        id
  C:178EH         LINE#         56
  C:1790H         LINE#         57
  C:1790H         LINE#         58
  C:1795H         LINE#         59
  C:1798H         LINE#         65
  C:17A9H         LINE#         66
  C:17ACH         LINE#         68
  C:17AEH         LINE#         69
  -------         ENDPROC       _HAL_PUSHRODCLOSE
  -------         PROC          _HAL_PUSHRODSTOP
  D:0026H         SYMBOL        id
  C:17AFH         LINE#         71
  C:17B1H         LINE#         72
  C:17B1H         LINE#         73
  C:17B6H         LINE#         74
  C:17B9H         LINE#         80
  C:17CAH         LINE#         81
  C:17CDH         LINE#         83
  C:17CFH         LINE#         84
  -------         ENDPROC       _HAL_PUSHRODSTOP
  -------         PROC          _HAL_PUSHRODINIT
  D:001DH         SYMBOL        sum
  -------         DO            
  D:001EH         SYMBOL        i
  -------         ENDDO         
  C:1395H         LINE#         86
  C:1397H         LINE#         87
  C:1397H         LINE#         88
BL51 BANKED LINKER/LOCATER V6.22.2.0                                                  09/27/2018  19:17:09  PAGE 32


  C:139AH         LINE#         89
  C:139FH         LINE#         90
  C:13A2H         LINE#         92
  C:13ACH         LINE#         93
  C:13B6H         LINE#         94
  C:13B6H         LINE#         95
  C:13C2H         LINE#         99
  C:13C8H         LINE#         100
  C:13CCH         LINE#         102
  C:13D2H         LINE#         103
  C:13D5H         LINE#         104
  C:13D7H         LINE#         105
  -------         ENDPROC       _HAL_PUSHRODINIT
  -------         PROC          _HAL_PUSHRODCONTROL
  D:0022H         SYMBOL        id
  D:0005H         SYMBOL        cmd
  D:0023H         SYMBOL        arg
  C:152DH         LINE#         107
  C:1535H         LINE#         108
  C:1535H         LINE#         109
  C:153AH         LINE#         110
  C:153DH         LINE#         111
  C:1548H         LINE#         112
  C:1548H         LINE#         113
  C:154DH         LINE#         114
  C:154DH         LINE#         116
  C:154DH         LINE#         117
  C:1552H         LINE#         118
  C:1552H         LINE#         120
  C:1552H         LINE#         121
  C:1557H         LINE#         122
  C:1557H         LINE#         137
  C:1557H         LINE#         138
  C:1559H         LINE#         139
  C:1559H         LINE#         140
  -------         ENDPROC       _HAL_PUSHRODCONTROL
  -------         ENDMOD        HAL_PUSHROD

  -------         MODULE        HAL_TIMER
  C:0000H         SYMBOL        _ICE_DUMMY_
  D:0080H         PUBLIC        P0
  D:0090H         PUBLIC        P1
  D:00A0H         PUBLIC        P2
  D:008EH         PUBLIC        TMCON
  D:00D8H         PUBLIC        P5
  D:00A8H         PUBLIC        IE
  C:000EH         PUBLIC        Hal_TimerInit
  D:00B8H         PUBLIC        IP
  D:0098H         PUBLIC        SCON
  D:0088H         PUBLIC        TCON
  D:0089H         PUBLIC        TMOD
  C:1226H         PUBLIC        Hal_TimerIntHdl
  C:1952H         PUBLIC        _Hal_RegTimeHdl
  B:00A8H.1       PUBLIC        ET0
  D:008CH         PUBLIC        TH0
  D:008AH         PUBLIC        TL0
  B:0088H.4       PUBLIC        TR0
BL51 BANKED LINKER/LOCATER V6.22.2.0                                                  09/27/2018  19:17:09  PAGE 33


  D:00C8H         PUBLIC        T2CON
  D:0039H         SYMBOL        Hal_Timer_Hdl_Cb
  D:00D0H         PUBLIC        PSW
  -------         PROC          HAL_TIMERINIT
  C:000EH         LINE#         8
  C:000EH         LINE#         9
  C:000EH         LINE#         10
  C:0011H         LINE#         11
  C:0014H         LINE#         12
  C:0017H         LINE#         13
  C:001AH         LINE#         14
  C:001CH         LINE#         15
  C:001EH         LINE#         16
  C:0020H         LINE#         17
  C:0022H         LINE#         18
  -------         ENDPROC       HAL_TIMERINIT
  -------         PROC          _HAL_REGTIMEHDL
  D:0001H         SYMBOL        func
  C:1952H         LINE#         20
  C:1952H         LINE#         21
  C:1952H         LINE#         22
  C:1957H         LINE#         23
  C:1959H         LINE#         24
  C:1959H         LINE#         25
  C:195FH         LINE#         27
  C:1961H         LINE#         28
  -------         ENDPROC       _HAL_REGTIMEHDL
  -------         PROC          HAL_TIMERINTHDL
  C:1226H         LINE#         31
  C:1243H         LINE#         33
  C:1246H         LINE#         34
  C:1249H         LINE#         35
  C:1251H         LINE#         36
  C:1258H         LINE#         37
  C:1258H         LINE#         38
  -------         ENDPROC       HAL_TIMERINTHDL
  -------         ENDMOD        HAL_TIMER

  -------         MODULE        HAL_HEAT_COOL
  C:0000H         SYMBOL        _ICE_DUMMY_
  C:12BFH         SYMBOL        _Hal_HeatCoolSupend
  D:0080H         PUBLIC        P0
  C:10D0H         SYMBOL        _Hal_HeatCoolResume
  D:0090H         PUBLIC        P1
  D:00A0H         PUBLIC        P2
  D:00D8H         PUBLIC        P5
  X:00CCH         SYMBOL        HC_Obj
  D:00A8H         PUBLIC        IE
  C:18C0H         SYMBOL        _Hal_HeatCoolGetSupSta
  D:00B8H         PUBLIC        IP
  C:1078H         PUBLIC        _Hal_HeatCoolInit
  D:0098H         PUBLIC        SCON
  C:188EH         SYMBOL        _Hal_HeatCoolGetMode
  D:0088H         PUBLIC        TCON
  C:1128H         SYMBOL        _Hal_HeatCoolSetHeat
  C:160AH         SYMBOL        _Hal_HeatCoolSetMode
  C:117FH         SYMBOL        _Hal_HeatCoolSetCool
BL51 BANKED LINKER/LOCATER V6.22.2.0                                                  09/27/2018  19:17:09  PAGE 34


  C:1829H         SYMBOL        _Hal_HeatCoolSetFan
  D:00C8H         PUBLIC        T2CON
  C:0EE1H         PUBLIC        _Hal_HeatCoolControl
  D:00D0H         PUBLIC        PSW
  C:1309H         SYMBOL        Com0048
  C:1309H         SYMBOL        L?0073
  C:1309H         SYMBOL        L?0074
  C:130DH         SYMBOL        L?0075
  C:1316H         SYMBOL        L?0076
  C:1316H         SYMBOL        L?0077
  C:1318H         SYMBOL        L?0078
  C:131FH         SYMBOL        L?0079
  C:131FH         SYMBOL        L?0080
  C:132EH         SYMBOL        L?0081
  C:132FH         SYMBOL        L?0082
  C:133DH         SYMBOL        L?0083
  -------         PROC          COM0048
  -------         ENDPROC       COM0048
  -------         PROC          _HAL_HEATCOOLINIT
  D:001DH         SYMBOL        sum
  -------         DO            
  D:001EH         SYMBOL        i
  -------         ENDDO         
  C:1078H         LINE#         12
  C:107AH         LINE#         13
  C:107AH         LINE#         15
  C:107FH         LINE#         16
  C:1082H         LINE#         18
  C:1087H         LINE#         19
  C:1095H         LINE#         20
  C:1095H         LINE#         21
  C:10A2H         LINE#         22
  C:10A7H         LINE#         23
  C:10ADH         LINE#         24
  C:10C0H         LINE#         26
  C:10CAH         LINE#         27
  C:10CDH         LINE#         29
  C:10CFH         LINE#         30
  -------         ENDPROC       _HAL_HEATCOOLINIT
  C:11C9H         SYMBOL        L?0084
  -------         PROC          _HAL_HEATCOOLSETCOOL
  D:0028H         SYMBOL        id
  D:0029H         SYMBOL        set
  C:117FH         LINE#         32
  C:1183H         LINE#         33
  C:1183H         LINE#         34
  C:1188H         LINE#         35
  C:118BH         LINE#         37
  C:1191H         LINE#         38
  C:1196H         LINE#         39
  C:1199H         LINE#         40
  C:11A5H         LINE#         41
[...]
  X:00B8H         SYMBOL        TimeCntFlag
  D:0088H         PUBLIC        TCON
  X:00BAH         SYMBOL        TimeCnt
  X:00BCH         SYMBOL        AutoSwitchCnt
  C:18D8H         SYMBOL        _Hal_MsgeSetMode
  X:00BEH         SYMBOL        FreCnt
  X:00BFH         SYMBOL        Mode_SwCnt
  D:00C8H         PUBLIC        T2CON
  C:0F4BH         PUBLIC        _Hal_MsgeControl
  C:16D8H         SYMBOL        _Hal_MsgeSupend
  C:192FH         SYMBOL        _Hal_MsgeResume
  D:00D0H         PUBLIC        PSW
  C:0740H         SYMBOL        Com0060
  C:0740H         SYMBOL        L?0097
  C:0748H         SYMBOL        L?0098
  C:074BH         SYMBOL        L?0099
  C:074CH         SYMBOL        L?0100
  C:0759H         SYMBOL        L?0101
  C:0759H         SYMBOL        L?0102
  C:0770H         SYMBOL        L?0103
  C:0771H         SYMBOL        L?0104
  C:077CH         SYMBOL        L?0105
  C:077CH         SYMBOL        L?0106
  C:077DH         SYMBOL        L?0107
BL51 BANKED LINKER/LOCATER V6.22.2.0                                                  09/27/2018  19:17:09  PAGE 39


  C:077EH         SYMBOL        L?0108
  C:078BH         SYMBOL        L?0109
  C:078BH         SYMBOL        L?0110
  C:0795H         SYMBOL        L?0111
  C:0795H         SYMBOL        L?0112
  C:079EH         SYMBOL        L?0113
  C:07AAH         SYMBOL        L?0114
  C:07AEH         SYMBOL        L?0115
  C:07AFH         SYMBOL        L?0116
  C:07B6H         SYMBOL        L?0117
  C:07B6H         SYMBOL        L?0118
  C:07C3H         SYMBOL        L?0119
  C:07C3H         SYMBOL        L?0120
  C:07CEH         SYMBOL        L?0121
  C:07CEH         SYMBOL        L?0122
  C:07D9H         SYMBOL        L?0123
  C:07D9H         SYMBOL        L?0124
  C:07E4H         SYMBOL        L?0125
  C:07E4H         SYMBOL        L?0126
  C:07EFH         SYMBOL        L?0127
  C:07F0H         SYMBOL        L?0128
  C:07FAH         SYMBOL        L?0129
  C:080AH         SYMBOL        L?0130
  C:0819H         SYMBOL        L?0131
  C:0824H         SYMBOL        L?0132
  C:082FH         SYMBOL        L?0133
  -------         PROC          COM0060
  -------         ENDPROC       COM0060
  -------         PROC          _HAL_MSGEOPEN
  D:0007H         SYMBOL        id
  C:155AH         LINE#         19
  C:155AH         LINE#         20
  C:155AH         LINE#         21
  C:155FH         LINE#         22
  C:1562H         LINE#         23
  C:1566H         LINE#         24
  C:156EH         LINE#         25
  C:1571H         LINE#         26
  C:1576H         LINE#         27
  C:157BH         LINE#         28
  C:1581H         LINE#         29
  C:1584H         LINE#         30
  C:1584H         LINE#         31
  C:1586H         LINE#         32
  -------         ENDPROC       _HAL_MSGEOPEN
  -------         PROC          _HAL_MSGECLOSE
  D:0007H         SYMBOL        id
  C:18A7H         LINE#         34
  C:18A7H         LINE#         35
  C:18A7H         LINE#         36
  C:18ACH         LINE#         37
  C:18AFH         LINE#         38
  C:18B5H         LINE#         39
  C:18B9H         LINE#         40
  C:18BBH         LINE#         41
  C:18BDH         LINE#         42
  C:18BDH         LINE#         43
BL51 BANKED LINKER/LOCATER V6.22.2.0                                                  09/27/2018  19:17:09  PAGE 40


  C:18BFH         LINE#         44
  -------         ENDPROC       _HAL_MSGECLOSE
  -------         PROC          _HAL_MSGESUPEND
  D:0025H         SYMBOL        id
  C:16D8H         LINE#         46
  C:16DAH         LINE#         47
  C:16DAH         LINE#         48
  C:16E1H         LINE#         49
  C:16E4H         LINE#         50
  C:16ECH         LINE#         51
  C:16F4H         LINE#         52
  C:16FDH         LINE#         53
  C:16FFH         LINE#         54
  -------         ENDPROC       _HAL_MSGESUPEND
  -------         PROC          _HAL_MSGERESUME
  D:0007H         SYMBOL        id
  C:192FH         LINE#         56
  C:192FH         LINE#         57
  C:192FH         LINE#         58
  C:1935H         LINE#         59
  C:1938H         LINE#         60
  C:193EH         LINE#         61
  C:1940H         LINE#         62
  -------         ENDPROC       _HAL_MSGERESUME
  -------         PROC          _HAL_MSGEGETRUNSTA
  D:0007H         SYMBOL        id
  D:0001H         SYMBOL        sta
  C:17D0H         LINE#         64
  C:17D0H         LINE#         65
  C:17D0H         LINE#         66
  C:17D6H         LINE#         67
  C:17D9H         LINE#         68
  C:17EEH         LINE#         69
  C:17F0H         LINE#         70
  -------         ENDPROC       _HAL_MSGEGETRUNSTA
  -------         PROC          _HAL_MSGESETMODE
  D:0007H         SYMBOL        id
  D:0005H         SYMBOL        mode
  C:18D8H         LINE#         72
  C:18D8H         LINE#         73
  C:18D8H         LINE#         74
  C:18DEH         LINE#         75
  C:18E1H         LINE#         76
  C:18EDH         LINE#         77
  C:18EFH         LINE#         78
  -------         ENDPROC       _HAL_MSGESETMODE
  -------         PROC          _HAL_MSGESETINTENSITY
  D:0007H         SYMBOL        id
  D:0005H         SYMBOL        inten
  C:180DH         LINE#         80
  C:180DH         LINE#         81
  C:180DH         LINE#         82
  C:1813H         LINE#         83
  C:1816H         LINE#         84
  C:1826H         LINE#         85
  C:1828H         LINE#         86
  -------         ENDPROC       _HAL_MSGESETINTENSITY
BL51 BANKED LINKER/LOCATER V6.22.2.0                                                  09/27/2018  19:17:09  PAGE 41


  -------         PROC          _HAL_MSGEINIT
  D:001DH         SYMBOL        sum
  -------         DO            
  D:001EH         SYMBOL        i
  -------         ENDDO         
  C:09A9H         LINE#         88
  C:09ABH         LINE#         89
  C:09ABH         LINE#         91
  C:09B2H         LINE#         92
  C:09B5H         LINE#         94
  C:09BAH         LINE#         95
  C:09C8H         LINE#         96
  C:09C8H         LINE#         97
  C:09E1H         LINE#         98
  C:09F0H         LINE#         99
  C:09F7H         LINE#         100
  C:0A01H         LINE#         101
  C:0A08H         LINE#         102
  C:0A16H         LINE#         103
  C:0A24H         LINE#         104
  C:0A37H         LINE#         106
  C:0A41H         LINE#         107
  C:0A44H         LINE#         109
  C:0A46H         LINE#         110
  -------         ENDPROC       _HAL_MSGEINIT
  -------         PROC          _HAL_MSGEPOLL
  D:0023H         SYMBOL        sum
  -------         DO            
  D:0024H         SYMBOL        i
  -------         ENDDO         
  C:0026H         LINE#         112
  C:0028H         LINE#         113
  C:0028H         LINE#         115
  C:002FH         LINE#         116
  C:0032H         LINE#         118
  C:0047H         LINE#         119
  C:0055H         LINE#         120
  C:006CH         LINE#         121
  C:0075H         LINE#         122
  C:007CH         LINE#         123
  C:009FH         LINE#         124
  C:00A4H         LINE#         125
  C:00AEH         LINE#         126
  C:00AEH         LINE#         127
  C:00AEH         LINE#         128
  C:00AEH         LINE#         130
  C:00D6H         LINE#         131
  C:00D6H         LINE#         132
  C:00D6H         LINE#         133
  C:00E8H         LINE#         134
  C:00F5H         LINE#         135
  C:0106H         LINE#         136
  C:010BH         LINE#         137
  C:010BH         LINE#         138
  C:011AH         LINE#         139
  C:0129H         LINE#         140
  C:0129H         LINE#         141
BL51 BANKED LINKER/LOCATER V6.22.2.0                                                  09/27/2018  19:17:09  PAGE 42


  C:012CH         LINE#         142
  C:012CH         LINE#         143
  C:012CH         LINE#         144
  C:012CH         LINE#         145
  C:0137H         LINE#         146
  C:0147H         LINE#         147
  C:015BH         LINE#         148
  C:016EH         LINE#         149
  C:0175H         LINE#         150
  C:0175H         LINE#         151
  C:0178H         LINE#         152
  C:0178H         LINE#         153
  C:0178H         LINE#         154
  C:0178H         LINE#         155
  C:0180H         LINE#         156
  C:0189H         LINE#         157
  C:019FH         LINE#         158
  C:01ABH         LINE#         159
  C:01BFH         LINE#         160
  C:01BFH         LINE#         161
  C:01C1H         LINE#         162
  C:01C1H         LINE#         163
  C:01C1H         LINE#         164
  C:01CBH         LINE#         165
  C:01CBH         LINE#         166
  C:01CBH         LINE#         167
  C:01CBH         LINE#         169
  C:01D6H         LINE#         170
  C:01D8H         LINE#         171
  -------         ENDPROC       _HAL_MSGEPOLL
  -------         PROC          _HAL_MSGETIMEHDL
  D:0007H         SYMBOL        sum
  -------         DO            
  D:001EH         SYMBOL        i
  -------         ENDDO         
  C:0839H         LINE#         173
  C:0839H         LINE#         174
  C:0839H         LINE#         176
  C:0840H         LINE#         177
  C:0843H         LINE#         178
  C:0848H         LINE#         179
  C:0859H         LINE#         180
  C:085FH         LINE#         182
  C:0870H         LINE#         183
  C:0878H         LINE#         184
  C:087BH         LINE#         185
  C:087DH         LINE#         186
  C:0883H         LINE#         187
  C:0883H         LINE#         188
  C:088EH         LINE#         189
  C:0890H         LINE#         190
  C:0892H         LINE#         191
  C:0899H         LINE#         192
  C:0899H         LINE#         193
  C:089BH         LINE#         194
  C:08A3H         LINE#         195
  C:08ACH         LINE#         196
BL51 BANKED LINKER/LOCATER V6.22.2.0                                                  09/27/2018  19:17:09  PAGE 43


  C:08B9H         LINE#         197
  C:08BEH         LINE#         198
  C:08BEH         LINE#         199
  C:08BEH         LINE#         201
  C:08CBH         LINE#         202
  C:08D5H         LINE#         203
  C:08D5H         LINE#         205
  C:08E0H         LINE#         206
  C:08EAH         LINE#         207
  C:08EAH         LINE#         208
  C:08EAH         LINE#         209
  C:0900H         LINE#         212
  C:0902H         LINE#         213
  -------         ENDPROC       _HAL_MSGETIMEHDL
  -------         PROC          _HAL_MSGECONTROL
  D:0020H         SYMBOL        id
  D:0005H         SYMBOL        cmd
  D:0021H         SYMBOL        arg
  -------         DO            
  D:0024H         SYMBOL        mode
  D:0024H         SYMBOL        inten
  -------         ENDDO         
  -------         DO            
  D:0024H         SYMBOL        inten
  -------         ENDDO         
  C:0F4BH         LINE#         215
  C:0F53H         LINE#         216
  C:0F53H         LINE#         217
  C:0F5AH         LINE#         218
  C:0F5DH         LINE#         219
  C:0F87H         LINE#         220
  C:0F87H         LINE#         221
  C:0F8CH         LINE#         222
  C:0F8CH         LINE#         224
  C:0F8CH         LINE#         225
  C:0F91H         LINE#         226
  C:0F91H         LINE#         228
  C:0F91H         LINE#         229
  C:0F9CH         LINE#         230
  C:0F9CH         LINE#         232
  C:0F9CH         LINE#         233
  C:0FA1H         LINE#         234
  C:0FA1H         LINE#         236
  C:0FA1H         LINE#         237
  C:0FA6H         LINE#         238
  C:0FA6H         LINE#         240
  C:0FA6H         LINE#         241
  C:0FA6H         LINE#         242
  C:0FACH         LINE#         243
  C:0FACH         LINE#         245
  C:0FACH         LINE#         246
  C:0FACH         LINE#         247
  C:0FB2H         LINE#         248
  C:0FB2H         LINE#         250
  C:0FB2H         LINE#         251
  C:0FB4H         LINE#         252
  C:0FB4H         LINE#         253
BL51 BANKED LINKER/LOCATER V6.22.2.0                                                  09/27/2018  19:17:09  PAGE 44


  -------         ENDPROC       _HAL_MSGECONTROL
  -------         ENDMOD        HAL_MSGE

  -------         MODULE        HAL_UART
  C:0000H         SYMBOL        _ICE_DUMMY_
  D:0080H         PUBLIC        P0
  D:0090H         PUBLIC        P1
  D:00A0H         PUBLIC        P2
  B:00A8H.4       PUBLIC        EUART
  D:008EH         PUBLIC        TMCON
  D:00D8H         PUBLIC        P5
  C:0903H         PUBLIC        Hal_Uart0IntHdl
  D:00A8H         PUBLIC        IE
  D:00B8H         PUBLIC        IP
  C:1725H         PUBLIC        _Hal_RegUartRxHdl
  B:0098H.0       PUBLIC        RI
  B:0098H.1       PUBLIC        TI
  C:101EH         PUBLIC        _Hal_UartInit
  D:0099H         PUBLIC        SBUF
  D:0087H         PUBLIC        PCON
  B:0090H.3       PUBLIC        P13
  D:0098H         PUBLIC        SCON
  D:0088H         PUBLIC        TCON
  D:0089H         PUBLIC        TMOD
  C:19C6H         PUBLIC        _Hal_UartSendBuf
  X:00C0H         SYMBOL        Tx_Buf
  D:008DH         PUBLIC        TH1
  B:0088H.6       PUBLIC        TR1
  D:0091H         PUBLIC        P1CON
  D:00C8H         PUBLIC        T2CON
  D:003CH         SYMBOL        Hal_UartRxHdl
  D:00D0H         PUBLIC        PSW
  C:19BAH         SYMBOL        Com0013
  C:19BAH         SYMBOL        L?0020
  -------         PROC          COM0013
  -------         ENDPROC       COM0013
  -------         PROC          _HAL_UARTINIT
  D:001DH         SYMBOL        id
  D:001EH         SYMBOL        buf
  D:0021H         SYMBOL        buf_len
  C:101EH         LINE#         15
  C:1026H         LINE#         16
  C:1026H         LINE#         17
  C:1029H         LINE#         19
  C:102CH         LINE#         20
  C:102FH         LINE#         21
  C:1032H         LINE#         22
  C:1035H         LINE#         23
  C:1038H         LINE#         24
  C:103BH         LINE#         25
  C:103EH         LINE#         26
  C:1040H         LINE#         27
  C:1042H         LINE#         28
  C:1044H         LINE#         29
  C:1051H         LINE#         30
  C:105FH         LINE#         31
  C:1069H         LINE#         32
BL51 BANKED LINKER/LOCATER V6.22.2.0                                                  09/27/2018  19:17:09  PAGE 45


  C:106CH         LINE#         33
  C:106EH         LINE#         34
  C:1071H         LINE#         36
  C:1075H         LINE#         52
  C:1075H         LINE#         53
  C:1075H         LINE#         54
  C:1075H         LINE#         55
  C:1077H         LINE#         56
  -------         ENDPROC       _HAL_UARTINIT
  -------         PROC          _HAL_UARTSENDBUF
  D:0022H         SYMBOL        id
  D:0023H         SYMBOL        buf
  D:0026H         SYMBOL        len
  C:19C6H         LINE#         58
  C:19CEH         LINE#         59
  C:19CEH         LINE#         73
  C:19CEH         LINE#         86
  C:19CEH         LINE#         87
  C:19D0H         LINE#         88
  -------         ENDPROC       _HAL_UARTSENDBUF
  -------         PROC          _HAL_REGUARTRXHDL
  D:0007H         SYMBOL        id
  D:0001H         SYMBOL        cb
  C:1725H         LINE#         90
  C:1725H         LINE#         91
  C:1725H         LINE#         92
  C:1734H         LINE#         93
  C:1737H         LINE#         94
  C:1737H         LINE#         95
  C:1747H         LINE#         96
  C:1749H         LINE#         97
  -------         ENDPROC       _HAL_REGUARTRXHDL
  -------         PROC          HAL_UART0INTHDL
  C:0903H         LINE#         99
  C:0920H         LINE#         101
  C:0923H         LINE#         102
  C:0925H         LINE#         103
  C:093FH         LINE#         104
  C:0944H         LINE#         105
  C:0952H         LINE#         106
  C:095FH         LINE#         107
  C:0963H         LINE#         109
  C:0963H         LINE#         110
  C:097AH         LINE#         111
  C:097AH         LINE#         113
  C:097DH         LINE#         114
  C:097FH         LINE#         115
  C:0987H         LINE#         116
  C:098EH         LINE#         117
  C:098EH         LINE#         118
  C:098EH         LINE#         119
  -------         ENDPROC       HAL_UART0INTHDL
  -------         ENDMOD        HAL_UART

  -------         MODULE        HAL_INIT
  C:0000H         SYMBOL        _ICE_DUMMY_
  D:0080H         PUBLIC        P0
BL51 BANKED LINKER/LOCATER V6.22.2.0                                                  09/27/2018  19:17:09  PAGE 46


  D:0090H         PUBLIC        P1
  D:00A0H         PUBLIC        P2
  D:00D8H         PUBLIC        P5
  C:174AH         PUBLIC        Hal_Init
  D:00A8H         PUBLIC        IE
  D:00B8H         PUBLIC        IP
  D:0098H         PUBLIC        SCON
  D:0088H         PUBLIC        TCON
  D:00C8H         PUBLIC        T2CON
  D:0032H         PUBLIC        App_TxBuf
  C:19E9H         PUBLIC        Hal_ProcessPoll
  D:00D0H         PUBLIC        PSW
  -------         PROC          HAL_INIT
  C:174AH         LINE#         6
  C:174AH         LINE#         7
  C:174AH         LINE#         8
  C:174DH         LINE#         9
  C:1752H         LINE#         10
  C:1757H         LINE#         11
  C:175CH         LINE#         12
  -------         ENDPROC       HAL_INIT
  -------         PROC          HAL_PROCESSPOLL
  C:19E9H         LINE#         15
  C:19E9H         LINE#         16
  C:19E9H         LINE#         17
  -------         ENDPROC       HAL_PROCESSPOLL
  -------         ENDMOD        HAL_INIT

  -------         MODULE        ?C?CLDPTR
  C:04D8H         PUBLIC        ?C?CLDPTR
  -------         ENDMOD        ?C?CLDPTR

  -------         MODULE        ?C?CLDOPTR
  C:04F1H         PUBLIC        ?C?CLDOPTR
  -------         ENDMOD        ?C?CLDOPTR

  -------         MODULE        ?C?CSTPTR
  C:051EH         PUBLIC        ?C?CSTPTR
  -------         ENDMOD        ?C?CSTPTR

  -------         MODULE        ?C?IILDX
  C:0530H         PUBLIC        ?C?IILDX
  -------         ENDMOD        ?C?IILDX

  -------         MODULE        ?C?SLCMP
  C:0546H         PUBLIC        ?C?SLCMP
  -------         ENDMOD        ?C?SLCMP

  -------         MODULE        ?C?ULCMP
  C:055CH         PUBLIC        ?C?ULCMP
  -------         ENDMOD        ?C?ULCMP

  -------         MODULE        ?C?LLDIXDATA
  C:0576H         PUBLIC        ?C?LLDIXDATA
  C:056DH         PUBLIC        ?C?LLDIXDATA1
  C:056FH         PUBLIC        ?C?LLDIXDATA8
  -------         ENDMOD        ?C?LLDIXDATA
BL51 BANKED LINKER/LOCATER V6.22.2.0                                                  09/27/2018  19:17:09  PAGE 47



  -------         MODULE        ?C?LSTXDATA
  C:05A2H         PUBLIC        ?C?LSTXDATA
  -------         ENDMOD        ?C?LSTXDATA

  -------         MODULE        ?C?LSTKXDATA
  C:05AEH         PUBLIC        ?C?LSTKXDATA
  -------         ENDMOD        ?C?LSTKXDATA

  -------         MODULE        ?C?OFFXADD
  C:05DFH         PUBLIC        ?C?OFFXADD
  -------         ENDMOD        ?C?OFFXADD

  -------         MODULE        ?C?ICALL
  C:05EBH         PUBLIC        ?C?ICALL
  C:05EFH         PUBLIC        ?C?ICALL2
  -------         ENDMOD        ?C?ICALL

  -------         MODULE        ?C?MEMSET
  C:05F1H         PUBLIC        ?C?MEMSET
  -------         ENDMOD        ?C?MEMSET

*** WARNING L16: UNCALLED SEGMENT, IGNORED FOR OVERLAY PROCESS
    SEGMENT: ?PR?WARN_HANDLE?APP_TASK

*** WARNING L16: UNCALLED SEGMENT, IGNORED FOR OVERLAY PROCESS
    SEGMENT: ?PR?MSGE_HANDLE?APP_TASK

*** WARNING L16: UNCALLED SEGMENT, IGNORED FOR OVERLAY PROCESS
    SEGMENT: ?PR?HEAT_HANDLE?APP_TASK

*** WARNING L16: UNCALLED SEGMENT, IGNORED FOR OVERLAY PROCESS
    SEGMENT: ?PR?_HAL_HEATCOOLGETSUPSTA?HAL_HEAT_COOL

Program Size: data=67.0 xdata=205 code=6648
LINK/LOCATE RUN COMPLETE.  4 WARNING(S),  0 ERROR(S)
